# Chestnut / Boke 项目 — 用户提示词记录
# 来源：Cursor 对话 transcripts（多会话汇总）
# 共 20 条（已排除系统后台任务通知）
# 生成时间：2026-09-02
# 说明：仅用户提示词，不含助手回复；有时间戳时标注

#1
试试你能不能用powershell

---

#2
帮我安装git和jdk

---

#3
在C:\projects 帮我拉取这个仓库：
git clone https://gitcode.com/Nineee999/boke.git
这样配置：
git config --global user.name Nineee999
git config --global user.email 906992927@qq.com

---

#4
按照skill帮我启动boke的桌面版

---

#5 [Friday, Jul 3, 2026, 10:27 AM (UTC+8)]
boke桌面版启动

---

#6 [Friday, Jul 3, 2026, 10:39 AM (UTC+8)]
设置默认的文件存储路径为 c 盘/用户/用户名称/.boke

---

#7 [Friday, Jul 3, 2026, 10:39 AM (UTC+8)]
设置默认的文件存储路径为 c 盘/用户/用户名称/.boke

---

#8 [Friday, Jul 3, 2026, 10:42 AM (UTC+8)]
删除excalidraw在顶部tab栏显示的图标，并且修改成灰色的excalidraw的logo

---

#9 [Friday, Jul 3, 2026, 10:43 AM (UTC+8)]
tab栏的md文件前面加一个只带 MD 两个字母的灰色图标

---

#10 [Friday, Jul 3, 2026, 10:45 AM (UTC+8)]
Tab栏的MD图标大一点，excalidraw的图标小一点点

---

#11 [Friday, Jul 3, 2026, 10:46 AM (UTC+8)]
在左侧文件列表里对文件也引入这两个图标试试

---

#12 [Friday, Jul 3, 2026, 10:47 AM (UTC+8)]
左侧文件栏的MD缩小一点点

---

#13 [Friday, Jul 3, 2026, 10:48 AM (UTC+8)]
左侧文件栏给文件夹也价格文件夹的图标

---

#14 [Friday, Jul 3, 2026, 10:49 AM (UTC+8)]
文件夹图标加粗一点

---

#15 [Friday, Jul 3, 2026, 10:49 AM (UTC+8)]
再加粗到4.25

---

#16 [Friday, Jul 3, 2026, 10:50 AM (UTC+8)]
左侧文件栏选中后没有作为焦点，所在box没有高亮

---

#17 [Friday, Jul 3, 2026, 10:52 AM (UTC+8)]
commit

---

#18 [Friday, Jul 3, 2026, 10:53 AM (UTC+8)]
左上角Boke标题不可点击也不要变成了文本指针

---

#19 [Friday, Jul 3, 2026, 10:55 AM (UTC+8)]
左上角Boke隔壁的路径使用绝对路径，并且指针变成选择指针，点击后可进行修改。如果删除为空后强制回到默认路径

---

#20 [Friday, Jul 3, 2026, 10:57 AM (UTC+8)]
鼠标在路径上提供那个手指的选择样式，不要文本样式

---

#21 [Friday, Jul 3, 2026, 10:59 AM (UTC+8)]
不要welcome页面了，打开的时候默认在存储路径提供一个README.md，描述当前产品的定位，尽可能面向用户去描述

---

#22 [Friday, Jul 3, 2026, 11:02 AM (UTC+8)]
顶部右侧的New note和New drawing 按钮删掉

---

#23 [Friday, Jul 3, 2026, 11:03 AM (UTC+8)]
Graph 和 publish删掉

---

#24 [Friday, Jul 3, 2026, 11:04 AM (UTC+8)]
Settings界面纯白

---

#25 [Friday, Jul 3, 2026, 11:05 AM (UTC+8)]
settings里的 Plugins 删掉

---

#26 [Friday, Jul 3, 2026, 11:06 AM (UTC+8)]
setting在浅色主题的时候，底色背景使用和左侧文件列表栏一样的白色

---

#27 [Friday, Jul 3, 2026, 11:07 AM (UTC+8)]
顶部存储路径右侧提供一个点击后能打开文件夹，并且跳转到当前存储路径的按钮，图标你看着给我设置一个好看的

---

#28 [Friday, Jul 3, 2026, 11:09 AM (UTC+8)]
打开后并没有到显示的路径

---

#29 [Friday, Jul 3, 2026, 11:12 AM (UTC+8)]
打开文件夹使用一个文件夹的图标，加粗

---

#30 [Friday, Jul 3, 2026, 11:12 AM (UTC+8)]
左上角我没看到变更

---

#31 [Friday, Jul 3, 2026, 11:18 AM (UTC+8)]
顶部的文件夹图标不要加这么粗，弱一点，然后不需要默认提供边框，直接白底就好，点击路径后路径显示边框和之前一样，图标则不需要边框

---

#32 [Friday, Jul 3, 2026, 11:19 AM (UTC+8)]
文件图标靠近一点路径

---

#33 [Friday, Jul 3, 2026, 11:19 AM (UTC+8)]
在靠近一点，然后位置再往下一点

---

#34 [Friday, Jul 3, 2026, 11:19 AM (UTC+8)]
再往下一点，往右一点点

---

#35 [Friday, Jul 3, 2026, 11:20 AM (UTC+8)]
再往右一点

---

#36 [Friday, Jul 3, 2026, 11:21 AM (UTC+8)]
这个打开文件夹不是我想要的那种，我要那种能够选择文件夹的效果，然后替换为用户选择的文件夹路径

---

#37 [Friday, Jul 3, 2026, 11:40 AM (UTC+8)]
设置页的本地存储栏，也提供一样的效果，不过这里就可以提前用定长文本框框住路径了，图标还是不要框

---

#38 [Friday, Jul 3, 2026, 11:45 AM (UTC+8)]
云端存储配置无效内容，会提前做test连通测试，如果测试失败则不会走云端吗？

---

#39 [Friday, Jul 3, 2026, 11:49 AM (UTC+8)]
先不吧，我们先把设置页的云端存储藏起来。

---

#40 [Friday, Jul 3, 2026, 11:51 AM (UTC+8)]
ctrl+shift+F 绑定Search功能，设置页也提供快捷键的配置

---

#41 [Friday, Jul 3, 2026, 11:55 AM (UTC+8)]
快速打开的默认快捷键默认设置为两次shift吧

---

#42 [Friday, Jul 3, 2026, 11:58 AM (UTC+8)]
quick open 提供每个项的删除按钮，用一个×悬浮在末尾就行

---

#43 [Friday, Jul 3, 2026, 11:58 AM (UTC+8)]
quick open 提供每个项的删除按钮，用一个×悬浮在末尾就行

---

#44 [Friday, Jul 3, 2026, 12:31 PM (UTC+8)]
我用上下键选择的时候，往下后滚轮不会自动跟随向下

---

#45 [Friday, Jul 3, 2026, 12:32 PM (UTC+8)]
quick open只保留文件，其他项都删了

---

#46 [Friday, Jul 3, 2026, 12:34 PM (UTC+8)]
md是自动保存吗

---

#47 [Friday, Jul 3, 2026, 12:35 PM (UTC+8)]
excalidraw 按ctrl + s的时候，会另存为，可以关掉这个另存为改成保存到当前文件吗

---

#48 [Friday, Jul 3, 2026, 12:39 PM (UTC+8)]
commit & push

---

#49 [Friday, Jul 3, 2026, 12:41 PM (UTC+8)]
当md里把截图复制进去的时候，自动创建一个与md文件同名且固定拼接_pic 后缀的文件夹，用来存这个md文档的所有图片方便后续到导出和查找。并且文档的图片链接也设置为这个本地的绝对路径

---

#50 [Friday, Jul 3, 2026, 12:46 PM (UTC+8)]
更新README当前的功能

---

#51 [Friday, Jul 3, 2026, 12:47 PM (UTC+8)]
图片默认名称修改为 260703044451 到秒级别就行

---

#52 [Friday, Jul 3, 2026, 12:48 PM (UTC+8)]
加一个image-前缀吧

---

#53 [Friday, Jul 3, 2026, 12:48 PM (UTC+8)]
commit & push

---

#54 [Friday, Jul 3, 2026, 12:49 PM (UTC+8)]
可以帮我去掉缓存，做一个只允许64位windows安装的exe吗？

---

#55 [Friday, Jul 3, 2026, 1:07 PM (UTC+8)]
commit & push

---

#56 [Friday, Jul 3, 2026, 7:50 PM (UTC+8)]
启动桌面版

---

#57 [Friday, Jul 3, 2026, 7:52 PM (UTC+8)]
git pull

---

#58 [Friday, Jul 3, 2026, 7:53 PM (UTC+8)]
帮我与https://github.com/nine-waited/boke.git绑定建立upstream，放弃与gitcode进行绑定。

---

#59 [Friday, Jul 3, 2026, 7:54 PM (UTC+8)]
git pull

---

#60 [Friday, Jul 3, 2026, 7:54 PM (UTC+8)]
帮我重启

---

#61 [Friday, Jul 3, 2026, 7:54 PM (UTC+8)]
帮我重启

---

#62 [Friday, Jul 3, 2026, 7:58 PM (UTC+8)]
设置按钮修改为一个设置图标，搜索按钮修改为一个放大镜图标，快速打开修改为一个时钟图标，悬浮都有文字介绍，且支持中英

---

#63 [Friday, Jul 3, 2026, 8:12 PM (UTC+8)]
把这三个功能图标移动到顶栏中间模块的左对齐位置

---

#64 [Friday, Jul 3, 2026, 8:13 PM (UTC+8)]
不，路径仍然放在logo隔壁

---

#65 [Friday, Jul 3, 2026, 8:13 PM (UTC+8)]
对，就是这样，然后顶栏的左栏和中间栏的分界线可以不显示，这样干净一点

---

#66 [Friday, Jul 3, 2026, 8:14 PM (UTC+8)]
路径文本框再短一点，然后选择文件夹的图标再往左边靠一点

---

#67 [Friday, Jul 3, 2026, 8:15 PM (UTC+8)]
太短了，宽度设置为125px，图标左移改为-5px

---

#68 [Friday, Jul 3, 2026, 8:15 PM (UTC+8)]
没看见有变动

---

#69 [Friday, Jul 3, 2026, 8:16 PM (UTC+8)]
宽度设置为128px，图标左移改为-6px

---

#70 [Friday, Jul 3, 2026, 8:18 PM (UTC+8)]
顶部栏的路径 宽度设置为128px，选择文件夹图标左移改为-7px

---

#71 [Friday, Jul 3, 2026, 8:18 PM (UTC+8)]
没发现变化

---

#72 [Friday, Jul 3, 2026, 8:24 PM (UTC+8)]
顶部栏的路径 宽度设置为129px，选择文件夹图标左移改为-8px

---

#73 [Friday, Jul 3, 2026, 8:24 PM (UTC+8)]
顶部栏的路径 宽度设置为132px，选择文件夹图标左移改为-10px

---

#74 [Friday, Jul 3, 2026, 8:25 PM (UTC+8)]
顶部栏的路径 宽度设置为140px，选择文件夹图标左移改为-15px

---

#75 [Friday, Jul 3, 2026, 8:26 PM (UTC+8)]
顶部栏的路径 宽度设置为140px，选择文件夹图标左移改为-20px

---

#76 [Friday, Jul 3, 2026, 8:26 PM (UTC+8)]
选择文件夹图标往右一点

---

#77 [Friday, Jul 3, 2026, 8:27 PM (UTC+8)]
调为-10px

---

#78 [Friday, Jul 3, 2026, 8:27 PM (UTC+8)]
调为-5px

---

#79 [Friday, Jul 3, 2026, 8:28 PM (UTC+8)]
改为-3px

---

#80 [Friday, Jul 3, 2026, 8:28 PM (UTC+8)]
选择文件夹图标往下一点

---

#81 [Friday, Jul 3, 2026, 8:30 PM (UTC+8)]
我想试试删掉路径的文本框，改成点击后直接选择文件夹；原选择文件夹的图标修改为复制的图标

---

#82 [Friday, Jul 3, 2026, 8:33 PM (UTC+8)]
路径的文本大小调小一点

---

#83 [Friday, Jul 3, 2026, 8:34 PM (UTC+8)]
调成7px

---

#84 [Friday, Jul 3, 2026, 8:35 PM (UTC+8)]
可以看到，还是很大

---

#85 [Friday, Jul 3, 2026, 8:36 PM (UTC+8)]
路径文本底部与logo文字底部进行水平对齐

---

#86 [Friday, Jul 3, 2026, 8:37 PM (UTC+8)]
复制图标底部与路径文本底部水平对齐

---

#87 [Friday, Jul 3, 2026, 8:39 PM (UTC+8)]
不要缩小图标大小

---

#88 [Friday, Jul 3, 2026, 8:40 PM (UTC+8)]
logo，路径，复制图标整体下移，在顶部栏纵向居中

---

#89 [Friday, Jul 3, 2026, 8:43 PM (UTC+8)]
路径文本长度根据文本长度动态，复制图标放在路径文本右边水平对齐

---

#90 [Friday, Jul 3, 2026, 8:45 PM (UTC+8)]
复制图标缩小1px

---

#91 [Friday, Jul 3, 2026, 8:47 PM (UTC+8)]
保持logo位置不动，路径和复制图标下移至底部与logo底部对齐

---

#92 [Friday, Jul 3, 2026, 8:49 PM (UTC+8)]
并没有对齐好

---

#93 [Friday, Jul 3, 2026, 8:51 PM (UTC+8)]
歪

---

#94 [Friday, Jul 3, 2026, 8:53 PM (UTC+8)]
三者整体要在顶部栏的纵向居中位置

---

#95 [Friday, Jul 3, 2026, 8:54 PM (UTC+8)]
复制图标单独向下移动1px

---

#96 [Friday, Jul 3, 2026, 8:54 PM (UTC+8)]
复制图标单独向下移动5px

---

#97 [Friday, Jul 3, 2026, 8:56 PM (UTC+8)]
复制图标单独向下移动15px

---

#98 [Friday, Jul 3, 2026, 8:57 PM (UTC+8)]
nope！取消修改

---

#99 [Friday, Jul 3, 2026, 8:57 PM (UTC+8)]
复制图标缩小1px

---

#100 [Friday, Jul 3, 2026, 8:58 PM (UTC+8)]
能单独修改复制图标的纵向位置吗

---

#101 [Friday, Jul 3, 2026, 9:00 PM (UTC+8)]
复制图标单独往下1px，不要动Logo和路径文本的位置

---

#102 [Friday, Jul 3, 2026, 9:00 PM (UTC+8)]
看着位置并没有变动

---

#103 [Friday, Jul 3, 2026, 9:01 PM (UTC+8)]
复制图标再往下1px

---

#104 [Friday, Jul 3, 2026, 9:04 PM (UTC+8)]
ok，帮我把这几个场景做成一个skill：多组件底部对齐，单组件在多组件一起flex的布局下的独立纵向移动，多组件纵向居中 这三个场景

---

#105 [Friday, Jul 3, 2026, 9:06 PM (UTC+8)]
commit

---

#106 [Friday, Jul 3, 2026, 9:07 PM (UTC+8)]
push

---

#107 [Friday, Jul 3, 2026, 9:55 PM (UTC+8)]
左侧文件列表顶部新增一个折叠所有目录的按钮，图标也用对应的

---

#108 [Friday, Jul 3, 2026, 9:57 PM (UTC+8)]
应该与顶部新增文件夹按钮放在同一行

---

#109 [Friday, Jul 3, 2026, 9:58 PM (UTC+8)]
这个图标我不满意，换一个，看看其他软件的折叠所有目录是什么图标

---

#110 [Friday, Jul 3, 2026, 9:58 PM (UTC+8)]
这个图标我不满意，换一个，看看其他软件的折叠所有目录是什么图标

---

#111 [Friday, Jul 3, 2026, 9:59 PM (UTC+8)]
就是要这个，给我加粗一下

---

#112 [Friday, Jul 3, 2026, 10:00 PM (UTC+8)]
新增文件夹也加粗一点

---

#113 [Friday, Jul 3, 2026, 10:00 PM (UTC+8)]
commit

---

#114 [Friday, Jul 3, 2026, 10:10 PM (UTC+8)]
我想要点击图片的时候，能够查看图片，所以除了画图和MD，还需要有一个图片视察器的能力

---

#115 [Friday, Jul 3, 2026, 10:51 PM (UTC+8)]
文件栏的图片左侧图标不要加粗，仅针对图片

---

#116 [Friday, Jul 3, 2026, 10:51 PM (UTC+8)]
描边设置为2.25

---

#117 [Friday, Jul 3, 2026, 10:56 PM (UTC+8)]
commit & push

---

#118 [Friday, Jul 3, 2026, 11:06 PM (UTC+8)]
左侧文件列表栏允许用户左右拖动来控制长度

---

#119 [Friday, Jul 3, 2026, 11:07 PM (UTC+8)]
往右拖拽的最大长度不超过整个应用的一半，往左拖拽的最小长度不小于当前长度的一半。

---

#120 [Friday, Jul 3, 2026, 11:09 PM (UTC+8)]
还是恢复固定的 最小 180px，最大 520px，默认 260px

---

#121 [Friday, Jul 3, 2026, 11:11 PM (UTC+8)]
文件列表右边界纵向居中位置在鼠标悬浮附近的时候提供一个梯形的可以把整个文件列表收回/展开到默认长度的功能组件

---

#122 [Saturday, Jul 4, 2026, 2:04 AM (UTC+8)]
矩形应该左右翻转，上下长度拉长，背景设置一定透明度，固定在边界居中位置，不随鼠标移动，边界其他位置都用来拖拽长度

---

#123 [Saturday, Jul 4, 2026, 2:05 AM (UTC+8)]
整个边界的遮罩不要这么粗，要很细，切应该紧贴边界右侧而不是覆盖

---

#124 [Saturday, Jul 4, 2026, 2:07 AM (UTC+8)]
矩形左侧应该紧贴边界右侧，而不是重叠，并且矩形上下还可以拉长，左右再缩短

---

#125 [Saturday, Jul 4, 2026, 2:07 AM (UTC+8)]
矩形的长边应该贴着边界

---

#126 [Saturday, Jul 4, 2026, 2:09 AM (UTC+8)]
矩形的所有边界都应该有描边

---

#127 [Saturday, Jul 4, 2026, 2:10 AM (UTC+8)]
描边被选中的时候有点蓝色，设置为灰色一点

---

#128 [Saturday, Jul 4, 2026, 2:11 AM (UTC+8)]
灰色再浅一点

---

#129 [Saturday, Jul 4, 2026, 2:12 AM (UTC+8)]
当文件列表展开的时候，矩形应该隐形，但当鼠标移动到边界居中附近的时候，应该显性。而当文件列表关闭的时候，矩形应该常驻。

---

#130 [Saturday, Jul 4, 2026, 2:13 AM (UTC+8)]
现在是鼠标悬浮在边界上才会显示，应该悬浮在矩形上也能显示

---

#131 [Saturday, Jul 4, 2026, 2:15 AM (UTC+8)]
拖拽区域可以稍微粗一点点，不要完全局限在边界上。

---

#132 [Saturday, Jul 4, 2026, 2:16 AM (UTC+8)]
commit

---

#133 [Saturday, Jul 4, 2026, 2:17 AM (UTC+8)]
双击tab的文档或者画图或者图片，直接关闭文件列表，聚焦页面本身

---

#134 [Saturday, Jul 4, 2026, 2:19 AM (UTC+8)]
再双击Tab栏的页签后恢复文件列表

---

#135 [Saturday, Jul 4, 2026, 2:20 AM (UTC+8)]
Tab页的页签鼠标悬浮的时候用手指的那个指针

---

#136 [Saturday, Jul 4, 2026, 2:21 AM (UTC+8)]
commit & push

---

#137 [Saturday, Jul 4, 2026, 2:24 AM (UTC+8)]
push

---

#138 [Saturday, Jul 4, 2026, 2:27 AM (UTC+8)]
_pic 类的文件夹在应用里不允许重命名，但是我们不妨碍用户自己去系统文件夹里去重命名。在应用里右键时重命名字体颜色变灰且悬浮鼠标时直接是指针。文件夹名称右侧新增一个锁的图标。

---

#139 [Saturday, Jul 4, 2026, 2:27 AM (UTC+8)]
_pic 类的文件夹在应用里不允许重命名，但是我们不妨碍用户自己去系统文件夹里去重命名。在应用里右键时重命名字体颜色变灰且悬浮鼠标时直接是指针。文件夹名称右侧新增一个锁的图标。

---

#140 [Saturday, Jul 4, 2026, 2:28 AM (UTC+8)]
_pic 文件夹也不允许新建任何东西

---

#141 [Saturday, Jul 4, 2026, 2:30 AM (UTC+8)]
右键删除任何文件夹或者文件的时候，需要弹窗让用户二次确认。我们删除应该让它进入回收站而不要清空，留一个备份。

---

#142 [Saturday, Jul 4, 2026, 2:51 AM (UTC+8)]
删除md文件的时候应该同步自动删除pic目录，在二次确认界面也提示这个信息。

---

#143 [Saturday, Jul 4, 2026, 2:53 AM (UTC+8)]
右键文件列表的项的时候，应该给它焦点

---

#144 [Saturday, Jul 4, 2026, 2:56 AM (UTC+8)]
显示无法访问此页面是什么意思

---

#145 [Saturday, Jul 4, 2026, 2:57 AM (UTC+8)]
帮我重启一下

---

#146 [Saturday, Jul 4, 2026, 2:58 AM (UTC+8)]
commit

---

#147 [Saturday, Jul 4, 2026, 2:59 AM (UTC+8)]
文件列表顶部工具栏再提供一个定位当前文件所在位置的功能按钮，图标用一个类似与瞄准的图标

---

#148 [Saturday, Jul 4, 2026, 3:00 AM (UTC+8)]
换一个瞄准图标的风格，并且放在工具栏末尾

---

#149 [Saturday, Jul 4, 2026, 3:01 AM (UTC+8)]
再换一个圆型的瞄准

---

#150 [Saturday, Jul 4, 2026, 3:01 AM (UTC+8)]
回到方形吧

---

#151 [Saturday, Jul 4, 2026, 3:02 AM (UTC+8)]
commit

---

#152 [Saturday, Jul 4, 2026, 3:04 AM (UTC+8)]
右键时候的高亮不要和选中的高亮一致，我希望是能提示用户你在对这个项操作，避免用户误操作上下其他文件。我建议是用灰色持续高亮即可，即右键工具栏展示期间都高亮，右键工具栏消失后就恢复

---

#153 [Saturday, Jul 4, 2026, 3:05 AM (UTC+8)]
不允许同时存在两个左键选中高亮，点击文件夹不需要高亮

---

#154 [Saturday, Jul 4, 2026, 3:07 AM (UTC+8)]
commit

---

#155 [Saturday, Jul 4, 2026, 3:09 AM (UTC+8)]
Tab栏的左右滚轮只展示滚轮条，其他不展示，滚轮条上下宽度更加窄一点，细一点，美观。

---

#156 [Saturday, Jul 4, 2026, 3:09 AM (UTC+8)]
Tab栏用滚轮能够前后查看其他页签

---

#157 [Saturday, Jul 4, 2026, 3:11 AM (UTC+8)]
Tab栏的滚轮条再细一点，然后最右端和最左端的三角形直接删掉。留给滚轮条的box与滚轮条的上下宽度保持相同的高度

---

#158 [Saturday, Jul 4, 2026, 3:14 AM (UTC+8)]
Tab栏右键操作栏提供删除，删除其他，删除左侧所有，删除右侧所有，删除所有。要求双语适配

---

#159 [Saturday, Jul 4, 2026, 3:16 AM (UTC+8)]
文本怎么都用红色，都用黑色

---

#160 [Saturday, Jul 4, 2026, 3:17 AM (UTC+8)]
把删除修改为关闭（功能也是关闭不是删除啊）

---

#161 [Saturday, Jul 4, 2026, 3:17 AM (UTC+8)]
字体不要灰色，直接是黑色

---

#162 [Saturday, Jul 4, 2026, 3:18 AM (UTC+8)]
commit

---

#163 [Saturday, Jul 4, 2026, 3:19 AM (UTC+8)]
选中md的时候，进去不要就给标题高亮

---

#164 [Saturday, Jul 4, 2026, 3:20 AM (UTC+8)]
push

---

#165 [Saturday, Jul 4, 2026, 3:20 AM (UTC+8)]
push

---

#166 [Saturday, Jul 4, 2026, 10:12 AM (UTC+8)]
启动

---

#167 [Saturday, Jul 4, 2026, 10:20 AM (UTC+8)]
当前应用是什么字体，包括文件列表/Tab/目录

---

#168 [Saturday, Jul 4, 2026, 10:23 AM (UTC+8)]
统一换成微软雅黑，并且在设置里提供字体样式的选择，先只给一个微软雅黑的选择

---

#169 [Saturday, Jul 4, 2026, 10:25 AM (UTC+8)]
有没有很好看的双语手写体，直接嵌入应用里并提供选择

---

#170 [Saturday, Jul 4, 2026, 10:33 AM (UTC+8)]
我们默认提供小赖体

---

#171 [Saturday, Jul 4, 2026, 10:33 AM (UTC+8)]
启动

---

#172 [Saturday, Jul 4, 2026, 10:33 AM (UTC+8)]
启动

---

#173 [Saturday, Jul 4, 2026, 10:35 AM (UTC+8)]
commit & push

---

#174 [Saturday, Jul 4, 2026, 11:43 AM (UTC+8)]
push

---

#175 [Saturday, Jul 4, 2026, 11:43 AM (UTC+8)]
神色模式下，MD的标题也适配深色模式，用白字黑底

---

#176 [Saturday, Jul 4, 2026, 12:11 PM (UTC+8)]
不是这个黑底，是和深色模式一个深色

---

#177 [Saturday, Jul 4, 2026, 12:12 PM (UTC+8)]
markdown和excalidraw有深色模式吗

---

#178 [Saturday, Jul 4, 2026, 12:13 PM (UTC+8)]
改一下

---

#179 [Saturday, Jul 4, 2026, 12:15 PM (UTC+8)]
commit

---

#180 [Saturday, Jul 4, 2026, 12:16 PM (UTC+8)]
文件栏的瞄准图标加粗一点点

---

#181 [Saturday, Jul 4, 2026, 12:17 PM (UTC+8)]
设置里，主题项放在字体项下面

---

#182 [Saturday, Jul 4, 2026, 12:17 PM (UTC+8)]
commit

---

#183 [Saturday, Jul 4, 2026, 12:21 PM (UTC+8)]
md的标题和内容可以都和应用字体同步吗

---

#184 [Saturday, Jul 4, 2026, 12:28 PM (UTC+8)]
很棒

---

#185 [Saturday, Jul 4, 2026, 12:28 PM (UTC+8)]
commit

---

#186 [Saturday, Jul 4, 2026, 12:29 PM (UTC+8)]
实时 和 源码 两个按钮合成一个类似方形开关的样式，并且不要单开一个box，放在标题的box的左上角

---

#187 [Saturday, Jul 4, 2026, 12:34 PM (UTC+8)]
然后对这个方形开关做那种，点一下就切换的效果

---

#188 [Saturday, Jul 4, 2026, 12:39 PM (UTC+8)]
给文件栏的每个项都提供右键功能：在文件管理器中打开

---

#189 [Saturday, Jul 4, 2026, 12:41 PM (UTC+8)]
对目录做在文件管理器中打开的时候，默认进入了文档路径，而不是真实的文件夹路径

---

#190 [Saturday, Jul 4, 2026, 12:43 PM (UTC+8)]
Logo 隔壁的存储路径也有一样的问题，一起修改了

---

#191 [Saturday, Jul 4, 2026, 12:43 PM (UTC+8)]
Logo 隔壁的存储路径也有一样的问题，一起修改了

---

#192 [Saturday, Jul 4, 2026, 12:45 PM (UTC+8)]
不是，原本是拷贝按钮你给我还原回去，我本来就是点击路径文本就自动进入选择文件夹

---

#193 [Saturday, Jul 4, 2026, 12:46 PM (UTC+8)]
点击路径文本触发的文件夹选择要进入到当前路径，而不是默认进入文档路径

---

#194 [Saturday, Jul 4, 2026, 12:48 PM (UTC+8)]
commit

---

#195 [Saturday, Jul 4, 2026, 12:49 PM (UTC+8)]
push

---

#196 [Saturday, Jul 4, 2026, 12:52 PM (UTC+8)]
右键支持MD导出为PDF

---

#197 [Saturday, Jul 4, 2026, 12:56 PM (UTC+8)]
导出为PDF自动导出到与MD同路径下，并且导出成功后自动选中打开，应用支持直接查看PDF

---

#198 [Saturday, Jul 4, 2026, 12:57 PM (UTC+8)]
导出为PDF的时候增加一个导出进度条弹窗，成功后自动关闭

---

#199 [Saturday, Jul 4, 2026, 1:01 PM (UTC+8)]
commit

---

#200 [Saturday, Jul 4, 2026, 1:02 PM (UTC+8)]
右键支持导出为Word，将图片全部直接导入到Word里，同样提供进度条弹窗

---

#201 [Saturday, Jul 4, 2026, 1:05 PM (UTC+8)]
白屏了，帮我重启一下

---

#202 [Saturday, Jul 4, 2026, 1:07 PM (UTC+8)]
导出为word好像导出失败了

---

#203 [Saturday, Jul 4, 2026, 1:07 PM (UTC+8)]
导出为word好像导出失败了

---

#204 [Saturday, Jul 4, 2026, 1:13 PM (UTC+8)]
导出docx后图标和pdf的一样

---

#205 [Saturday, Jul 4, 2026, 1:18 PM (UTC+8)]
导出的docx后字体不要带上颜色，全都用黑色，并且标题默认加粗。<br\> 不要直接导入进docx，而是直接转换为回车

---

#206 [Saturday, Jul 4, 2026, 1:20 PM (UTC+8)]
导出PDF后也自动打开文件所在路径

---

#207 [Saturday, Jul 4, 2026, 1:21 PM (UTC+8)]
导出docx后，md的层级标题也应该得到对应的转换

---

#208 [Saturday, Jul 4, 2026, 1:24 PM (UTC+8)]
docx里的<br\>没有被跳过

---

#209 [Saturday, Jul 4, 2026, 1:27 PM (UTC+8)]
bullet list 转换到docx的时候异常，会多好多个

---

#210 [Saturday, Jul 4, 2026, 1:29 PM (UTC+8)]
算了，转word太难了，直接取消转word的能力吧

---

#211 [Saturday, Jul 4, 2026, 1:32 PM (UTC+8)]
我想在导出的时候，自动在工作目录建立一个 target 目录，所有导出的内容都往target里放。target目录同样不允许新建任何东西，不允许重命名，约束类似_pic目录，提供锁样式

---

#212 [Saturday, Jul 4, 2026, 1:34 PM (UTC+8)]
导出并打开PDF后，文件列表中自动定位PDF文件位置

---

#213 [Saturday, Jul 4, 2026, 1:35 PM (UTC+8)]
target目录固定放在最后，避免影响用户观感

---

#214 [Saturday, Jul 4, 2026, 1:37 PM (UTC+8)]
导出为PDF的时候，容易发生行末截断和页末截断问题，帮我解决一下。

---

#215 [Saturday, Jul 4, 2026, 1:39 PM (UTC+8)]
导出为PDF不要导出<br />这个

---

#216 [Saturday, Jul 4, 2026, 1:42 PM (UTC+8)]
导出其他文件夹的MD的时候，导入到target里不要带上父路径，只带上叶子节点的文件即可

---

#217 [Saturday, Jul 4, 2026, 1:43 PM (UTC+8)]
导出为PDF的时候遗漏了图片

---

#218 [Saturday, Jul 4, 2026, 1:43 PM (UTC+8)]
导出为PDF的时候遗漏了图片

---

#219 [Saturday, Jul 4, 2026, 1:46 PM (UTC+8)]
导出PDF的时候，有时候能导出图片，有时候还是不能导出图片

---

#220 [Saturday, Jul 4, 2026, 1:47 PM (UTC+8)]
导出带有父目录的文件为PDF的时候，最后打开目标PDF所在文件夹目录异常，会自动定位到文档目录，这是已知问题修复一下

---

#221 [Saturday, Jul 4, 2026, 1:50 PM (UTC+8)]
现在导出后怎么不自动弹出文件所在目录了

---

#222 [Saturday, Jul 4, 2026, 1:52 PM (UTC+8)]
打开文件夹后定位异常，并没有定位到target目录里

---

#223 [Saturday, Jul 4, 2026, 1:58 PM (UTC+8)]
当md在文件夹里，对应的图片也在二级目录下的时候，导出PDF没有成功带上图片

---

#224 [Saturday, Jul 4, 2026, 2:02 PM (UTC+8)]
我看了下，源码是这样：![1.00](<C:/Users/32476/.boke/New folder/Untitled 2_pic/260703124755.png>) 的，但是这个图片没导入到PDF里

---

#225 [Saturday, Jul 4, 2026, 2:04 PM (UTC+8)]
commit  & push

---

#226 [Saturday, Jul 4, 2026, 2:37 PM (UTC+8)]
MD中点击图片不要进入图片视察器，而是选中来决定是否删除

---

#227 [Saturday, Jul 4, 2026, 2:42 PM (UTC+8)]
有时候有点bug，鼠标悬浮在图片上方鼠标不是手指选择，然后无法点击图片选择

---

#228 [Saturday, Jul 4, 2026, 2:45 PM (UTC+8)]
选中图片后为什么右上角有一个评论样式的图标

---

#229 [Saturday, Jul 4, 2026, 2:45 PM (UTC+8)]
选中图片后为什么右上角有一个评论样式的图标

---

#230 [Saturday, Jul 4, 2026, 2:53 PM (UTC+8)]
删除图标，并且在底部增加一个 编辑 的图标，描述为“添加描述”；同时“从笔记移除”也改为一个垃圾桶的图标，保留红色

---

#231 [Saturday, Jul 4, 2026, 2:55 PM (UTC+8)]
点击图片后的操作组件移动到底部最右侧

---

#232 [Saturday, Jul 4, 2026, 2:56 PM (UTC+8)]
放在底部外，不要底部内

---

#233 [Saturday, Jul 4, 2026, 3:04 PM (UTC+8)]
选中图片，使用回车的话能在下方新建行

---

#234 [Saturday, Jul 4, 2026, 3:18 PM (UTC+8)]
点击编辑按钮看着没效果

---

#235 [Saturday, Jul 4, 2026, 3:20 PM (UTC+8)]
MD本身支持对图片做描述吗

---

#236 [Saturday, Jul 4, 2026, 3:22 PM (UTC+8)]
点击描述后直接在编辑图标左侧延申一个文本框，输入描述文本后回车即确定，缩回文本框并立刻刷新MD确保图片描述被渲染

---

#237 [Saturday, Jul 4, 2026, 3:25 PM (UTC+8)]
再点击编辑按钮也立刻缩回文本框，并且延申文本框的时候，固定右侧位置，往左侧延申

---

#238 [Saturday, Jul 4, 2026, 3:27 PM (UTC+8)]
再次点击编辑按钮缩回的时候也响应保存

---

#239 [Saturday, Jul 4, 2026, 3:30 PM (UTC+8)]
MD中删除图片后，同步删除对应图片目录的实际存储的文件，避免文件长期存储。做一个开关在设置页默认打开。

---

#240 [Saturday, Jul 4, 2026, 3:36 PM (UTC+8)]
移除图片的弹窗也提示一下

---

#241 [Saturday, Jul 4, 2026, 3:40 PM (UTC+8)]
设置中控制同步删除图片的开关用椭圆形，不要用这个勾选框，不好看

---

#242 [Saturday, Jul 4, 2026, 3:42 PM (UTC+8)]
你这个是圆角方形，我希望是椭圆形。文本保留和其他一样是灰色

---

#243 [Saturday, Jul 4, 2026, 3:43 PM (UTC+8)]
椭圆开关太长了，短一点

---

#244 [Saturday, Jul 4, 2026, 3:43 PM (UTC+8)]
缩短到40

---

#245 [Saturday, Jul 4, 2026, 3:52 PM (UTC+8)]
commit

---

#246 [Saturday, Jul 4, 2026, 4:09 PM (UTC+8)]
点击图片后，增加一个放大图片的按钮在删除按钮左侧，用来放大预览图片，应用周边全都暗色遮罩起来只检视放大后的图片。点击遮罩处后就关闭图片。

---

#247 [Saturday, Jul 4, 2026, 4:12 PM (UTC+8)]
双击图片也放大

---

#248 [Saturday, Jul 4, 2026, 4:17 PM (UTC+8)]
commit

---

#249 [Saturday, Jul 4, 2026, 4:18 PM (UTC+8)]
MD编辑器整体往上一点，靠近标题

---

#250 [Saturday, Jul 4, 2026, 4:19 PM (UTC+8)]
再靠近一点

---

#251 [Saturday, Jul 4, 2026, 4:21 PM (UTC+8)]
往下一点，挡住标题了，能不能刚好接在标题的box下面

---

#252 [Saturday, Jul 4, 2026, 4:23 PM (UTC+8)]
编辑区两端给点间距，给10px试试

---

#253 [Saturday, Jul 4, 2026, 4:23 PM (UTC+8)]
再加10px

---

#254 [Saturday, Jul 4, 2026, 4:24 PM (UTC+8)]
再给10px

---

#255 [Saturday, Jul 4, 2026, 4:24 PM (UTC+8)]
再给10px

---

#256 [Saturday, Jul 4, 2026, 4:26 PM (UTC+8)]
commit

---

#257 [Saturday, Jul 4, 2026, 4:26 PM (UTC+8)]
commit

---

#258 [Saturday, Jul 4, 2026, 4:29 PM (UTC+8)]
我想要给项目改名，Logo和目录名直接叫Chestnut，描述上尽量往Chestnut Editor 靠

---

#259 [Saturday, Jul 4, 2026, 4:33 PM (UTC+8)]
我记得我们初始化应用的时候不是会生成双语的README吗，怎么我看我们换目录之后只有一个了。我们每次换目录都生成两个README，包括README_cn 和 README_en。README里面描述也改成新的名称

---

#260 [Saturday, Jul 4, 2026, 4:35 PM (UTC+8)]
commit

---

#261 [Saturday, Jul 4, 2026, 4:46 PM (UTC+8)]
文件列表支持拖拽更换目录层级和文件层级

---

#262 [Saturday, Jul 4, 2026, 4:50 PM (UTC+8)]
我长按文件后并没有能够拖动

---

#263 [Saturday, Jul 4, 2026, 4:53 PM (UTC+8)]
upstream修改为https://github.com/nine-waited/ChestnutEditor.git，我远端项目也改名了

---

#264 [Saturday, Jul 4, 2026, 4:55 PM (UTC+8)]
想要增强一下拖拽效果，拖拽的时候项附着鼠标移动

---

#265 [Saturday, Jul 4, 2026, 4:59 PM (UTC+8)]
如果从文件夹中拖拽到列表外部，默认拖拽到根目录

---

#266 [Saturday, Jul 4, 2026, 5:17 PM (UTC+8)]
commit

---

#267 [Saturday, Jul 4, 2026, 5:18 PM (UTC+8)]
push

---

#268 [Saturday, Jul 4, 2026, 5:19 PM (UTC+8)]
你能生成图片吗

---

#269 [Saturday, Jul 4, 2026, 5:19 PM (UTC+8)]
我想要一个手绘版的黑白板栗

---

#270 [Saturday, Jul 4, 2026, 5:28 PM (UTC+8)]
我想要这种的，没有毛和刺的，手绘简笔画黑白版，不要素描太复杂

---

#271 [Saturday, Jul 4, 2026, 5:31 PM (UTC+8)]
内部果肉给一点纹理感，不要太多，然后外壳给点阴影

---

#272 [Saturday, Jul 4, 2026, 5:34 PM (UTC+8)]
按照手绘的风格上一点浅色系的板栗配色吧

---

#273 [Saturday, Jul 4, 2026, 5:38 PM (UTC+8)]
外壳颜色再深一点，然后果肉按照刚刚发你的原图，应该有一条中线（符合实际的果肉）

---

#274 [Saturday, Jul 4, 2026, 5:40 PM (UTC+8)]
描边太平滑干练了，想要更加偏向手绘的样式

---

#275 [Saturday, Jul 4, 2026, 5:42 PM (UTC+8)]
手绘幅度再夸张一点

---

#276 [Saturday, Jul 4, 2026, 5:49 PM (UTC+8)]
线条太多了，把线条减少一点

---

#277 [Saturday, Jul 4, 2026, 5:52 PM (UTC+8)]
外壳太厚了，重构一下

---

#278 [Saturday, Jul 4, 2026, 5:57 PM (UTC+8)]
基于这个原图，包括板栗开口朝向，板栗十字开口程度，或者说直接对原图描边后再以当前的手绘风格线条 + 上色重新画一下

---

#279 [Saturday, Jul 4, 2026, 6:07 PM (UTC+8)]
颜色再浅一点，然后涂色可以仿照手绘那种溢出到边界外，有一种手涂的感觉

---

#280 [Saturday, Jul 4, 2026, 6:09 PM (UTC+8)]
外壳颜色再深一点点

---

#281 [Saturday, Jul 4, 2026, 6:13 PM (UTC+8)]
就这版，给我作为应用的LOGO

---

#282 [Saturday, Jul 4, 2026, 6:16 PM (UTC+8)]
不不不，应用内保留文字Chestnut，恢复。然后对于桌面应用层面，把图中的板栗图案扣下来作为LOGO

---

#283 [Saturday, Jul 4, 2026, 6:26 PM (UTC+8)]
commit&push

---

#284 [Saturday, Jul 4, 2026, 6:26 PM (UTC+8)]
commit&push

---

#285 [Saturday, Jul 4, 2026, 6:44 PM (UTC+8)]
帮我根据commit记录，把必要的信息整合起来，更新我们项目中给开发者看的README，不是应用里的。双语都要，包括应用名称。

---

#286 [Saturday, Jul 4, 2026, 6:46 PM (UTC+8)]
删除曾用名描述，Boke相关字样的描述都删掉

---

#287 [Saturday, Jul 4, 2026, 6:46 PM (UTC+8)]
云存储描述也先删掉。以后再加

---

#288 [Saturday, Jul 4, 2026, 6:49 PM (UTC+8)]
我希望MD编辑区恒定与文件列表左边界距离20px

---

#289 [Saturday, Jul 4, 2026, 6:50 PM (UTC+8)]
回退这个吧

---

#290 [Saturday, Jul 4, 2026, 6:51 PM (UTC+8)]
因为当我聚焦编辑区的某行的时候，左侧会弹出两个功能按钮，这是MD工具自带的，我希望保留这两个按钮，但是无论如何拖拽，都能保证这两个按钮不会被文件列表或者边界遮挡

---

#291 [Saturday, Jul 4, 2026, 6:56 PM (UTC+8)]
只保留加号按钮吧，并且指针换成手指选择

---

#292 [Saturday, Jul 4, 2026, 6:58 PM (UTC+8)]
只有聚焦MD的某行的时候，该行左侧才显示加号按钮。不要聚焦下面行，上面行显示加号按钮

---

#293 [Saturday, Jul 4, 2026, 7:02 PM (UTC+8)]
修改完后加载应用失败了

---

#294 [Saturday, Jul 4, 2026, 7:05 PM (UTC+8)]
Cannot read properties of undefined (reading 'addEventListener')

---

#295 [Saturday, Jul 4, 2026, 7:09 PM (UTC+8)]
加号不需要展示Text系列的新增吧，没用

---

#296 [Saturday, Jul 4, 2026, 7:10 PM (UTC+8)]
我们只保留Task List，Code，Table 和 Math

---

#297 [Saturday, Jul 4, 2026, 7:11 PM (UTC+8)]
不区分List和Advanced，直接展示刚刚说的4个组件

---

#298 [Saturday, Jul 4, 2026, 7:12 PM (UTC+8)]
当我拖拽变更宽度的时候，取消MD文档的编辑焦点

---

#299 [Saturday, Jul 4, 2026, 7:12 PM (UTC+8)]
当我拖拽变更宽度的时候，取消MD文档的编辑焦点

---

#300 [Saturday, Jul 4, 2026, 7:14 PM (UTC+8)]
主要是拖拽的时候，加号按钮不跟手

---

#301 [Saturday, Jul 4, 2026, 7:17 PM (UTC+8)]
只有聚焦MD的空行的时候才显示加号按钮，如果聚焦有内容的行则不显示

---

#302 [Saturday, Jul 4, 2026, 7:20 PM (UTC+8)]
这个加号按钮的布局很奇怪，我希望是严格按照，我聚焦一个空行的时候，它出现，我将焦点放置表格/列表/文本或者任意内容上时，它不要出现。

---

#303 [Saturday, Jul 4, 2026, 7:22 PM (UTC+8)]
当聚焦到其他地方的时候，还要记得把原来行的加号按钮隐藏掉

---

#304 [Saturday, Jul 4, 2026, 7:24 PM (UTC+8)]
悬浮的时候，加号按钮也会出现，帮我做成悬浮其他行的时候，其他行不会出现加号按钮

---

#305 [Saturday, Jul 4, 2026, 7:28 PM (UTC+8)]
删掉加号按钮吧，太容易引入bug了。我们替换成右键md编辑焦点的时候允许添加Table或者Code或者TaskList

---

#306 [Saturday, Jul 4, 2026, 7:31 PM (UTC+8)]
commit

---

#307 [Saturday, Jul 4, 2026, 7:31 PM (UTC+8)]
右键的时候，把之前加号里面的项对应的图标也同步过来

---

#308 [Saturday, Jul 4, 2026, 7:34 PM (UTC+8)]
编辑区右键新增功能：识别粘贴板，如果有内容则允许粘贴，否则粘贴项变灰不可用。并且加一个粘贴相关的图标

---

#309 [Saturday, Jul 4, 2026, 7:36 PM (UTC+8)]
它会请求查看复制到剪贴板的文本和图像，我项它直接不请求，默认都允许

---

#310 [Saturday, Jul 4, 2026, 7:37 PM (UTC+8)]
为什么我选中文本的时候，整体编辑区域会向上移动

---

#311 [Saturday, Jul 4, 2026, 7:42 PM (UTC+8)]
回退，你改了什么玩意

---

#312 [Saturday, Jul 4, 2026, 7:42 PM (UTC+8)]
回退，你改了什么玩意

---

#313 [Saturday, Jul 4, 2026, 7:43 PM (UTC+8)]
当我在MD区域选中任意文本不进行任何操作的时候，整体编辑区域都会上移至更接近标题，帮我解决一下。

---

#314 [Saturday, Jul 4, 2026, 8:05 PM (UTC+8)]
还是会

---

#315 [Saturday, Jul 4, 2026, 8:08 PM (UTC+8)]
除了README两个文档的变更，当前Commit区的所有其他修改全部回退

---

#316 [Saturday, Jul 4, 2026, 8:10 PM (UTC+8)]
可以看到，我选中文本的时候，距离标题更近，而不选中文本的时候，则会更远。

---

#317 [Saturday, Jul 4, 2026, 8:12 PM (UTC+8)]
回退，不是这个原因，重新定位

---

#318 [Saturday, Jul 4, 2026, 8:17 PM (UTC+8)]
也不是这个原因，我发现是使用#生成大标题后就会发生这个问题

---

#319 [Saturday, Jul 4, 2026, 8:19 PM (UTC+8)]
oh！解决了，太棒了

---

#320 [Saturday, Jul 4, 2026, 8:20 PM (UTC+8)]
还是删掉编辑区的左侧两个按钮，改为右键触发，和刚刚我要求的相同样式，一共4个功能，粘贴，Table，Code，Math

---

#321 [Saturday, Jul 4, 2026, 8:23 PM (UTC+8)]
右键底部再增加一个Task List，所有都要附带上图标

---

#322 [Saturday, Jul 4, 2026, 8:23 PM (UTC+8)]
右键底部再增加一个Task List，所有都要附带上图标

---

#323 [Saturday, Jul 4, 2026, 8:25 PM (UTC+8)]
右键粘贴功能无效，定位解决一下

---

#324 [Saturday, Jul 4, 2026, 8:26 PM (UTC+8)]
如果剪切板没有内容，则粘贴功能变灰不可用。

---

#325 [Saturday, Jul 4, 2026, 8:27 PM (UTC+8)]
右键新增一个复制，要带上图标。如果没有选中文本，则复制功能变灰不可用

---

#326 [Saturday, Jul 4, 2026, 9:23 PM (UTC+8)]
我看会进行询问 查看复制到剪贴板的文本和图像，我希望不询问，默认都同意

---

#327 [Saturday, Jul 4, 2026, 9:27 PM (UTC+8)]
粘贴功能异常，解决一下

---

#328 [Saturday, Jul 4, 2026, 9:30 PM (UTC+8)]
右键复制应该和ctrl c相同功能，能够把源码级别复制过来，这样确保保留样式

---

#329 [Saturday, Jul 4, 2026, 10:20 PM (UTC+8)]
现在无法访问网页了

---

#330 [Sunday, Jul 5, 2026, 1:06 AM (UTC+8)]
commit

---

#331 [Monday, Jul 6, 2026, 12:33 AM (UTC+8)]
启动

---

#332 [Monday, Jul 6, 2026, 12:36 AM (UTC+8)]
打开后白屏了

---

#333 [Monday, Jul 6, 2026, 12:38 AM (UTC+8)]
帮我重新打开

---

#334 [Monday, Jul 6, 2026, 12:40 AM (UTC+8)]
logo当前是白底的，我希望把板栗抠出来，不要白底而是透明底，放大板栗直接作为logo

---

#335 [Monday, Jul 6, 2026, 12:55 AM (UTC+8)]
重启一下应用

---

#336 [Monday, Jul 6, 2026, 12:59 AM (UTC+8)]
之前你帮我生成的图片都放在哪里了

---

#337 [Monday, Jul 6, 2026, 1:03 AM (UTC+8)]
帮我把板栗抠出来，不要白底，要透明底

---

#338 [Monday, Jul 6, 2026, 1:03 AM (UTC+8)]
帮我把板栗抠出来，不要白底，要透明底

---

#339 [Monday, Jul 6, 2026, 1:13 AM (UTC+8)]
C:\projects\boke\apps\desktop\public\chestnut-transparent.png  帮我用这个作为应用的Logo试试

---

#340 [Monday, Jul 6, 2026, 1:14 AM (UTC+8)]
C:\projects\boke\apps\desktop\public\chestnut-transparent.png  帮我用这个作为应用的Logo试试，注意是window应用层面的，不是应用内的Logo标题。

---

#341 [Monday, Jul 6, 2026, 1:25 AM (UTC+8)]
做一个0.2.0 版本的exe的setup安装包

---

#342 [Monday, Jul 6, 2026, 1:34 AM (UTC+8)]
根据近期新commit的内容，整合v0.1.0准备发布v0.2.0，之前你帮我写过发布v0.1.0的内容，帮我迭代写一下v0.2.0的双语描述。

---

#343 [Monday, Jul 6, 2026, 1:37 AM (UTC+8)]
写入 v0.2.0-CHANGELOG.md

---

#344 [Monday, Jul 6, 2026, 1:38 AM (UTC+8)]
双语使用上下分割，不要融合在一起

---

#345 [Monday, Jul 6, 2026, 1:40 AM (UTC+8)]
你能帮我整理从项目开始到今天位置我给你的所有提示词吗？不需要整理你的回复。帮我输出到prompt.log 文件里

---

#346 [Monday, Jul 6, 2026, 1:42 AM (UTC+8)]
UTF 8 查看发现有乱码，是不是编码有点问题

---

#347 [Monday, Jul 6, 2026, 9:41 PM (UTC+8)]
软件默认字体设置为微软雅黑吧，毕竟不是所有人都接受手写体

---

#348 [Monday, Jul 6, 2026, 9:42 PM (UTC+8)]
支持双击文件和文件夹进行重命名

---

#349 [Monday, Jul 6, 2026, 9:43 PM (UTC+8)]
帮我启动

---

#350 [Monday, Jul 6, 2026, 9:49 PM (UTC+8)]
commit & push

---

#351 [Monday, Jul 6, 2026, 9:51 PM (UTC+8)]
文件列表顶栏图标对应的提示框会越界左侧导致被遮挡

---

#352 [Monday, Jul 6, 2026, 9:53 PM (UTC+8)]
右键文件或者文件夹显示的功能栏也一样，当文件多的时候会越界下边界

---

#353 [Monday, Jul 6, 2026, 9:54 PM (UTC+8)]
MD内部进行右键的时候也一样有类似的问题

---

#354 [Monday, Jul 6, 2026, 9:56 PM (UTC+8)]
commit

---

#355 [Monday, Jul 6, 2026, 9:57 PM (UTC+8)]
excalidraw也同步设置里的语言，主要是中文和英文

---

#356 [Monday, Jul 6, 2026, 10:01 PM (UTC+8)]
commit

---

#357 [Monday, Jul 6, 2026, 10:05 PM (UTC+8)]
允许选中文件夹，将文件夹的折叠功能和选中功能分开，主动点击文件夹左侧折叠按钮才触发折叠或展开的功能，否则就是选中。

---

#358 [Monday, Jul 6, 2026, 10:07 PM (UTC+8)]
支持选中后，顶栏的新增文件都基于选中的文件夹进行新增；而如果没有选中任何文件夹，则新增文件夹默认在当前选中的文件所在目录新增；如果没有选中文件夹也没有选中文件，则默认在根目录新增文件。

---

#359 [Monday, Jul 6, 2026, 10:50 PM (UTC+8)]
文件夹和文件平时就是普通的指针悬浮，长按后才变成手掌拖动样式的指针

---

#360 [Monday, Jul 6, 2026, 10:51 PM (UTC+8)]
选中文件夹的时候取消文件的选中，但是中间展示区仍然显示刚刚的文件

---

#361 [Monday, Jul 6, 2026, 10:53 PM (UTC+8)]
commit

---

#362 [Monday, Jul 6, 2026, 10:53 PM (UTC+8)]
文件列表顶部新增文件，包括md和画图的时候，新增后文件列表刷新并定位到新文件

---

#363 [Monday, Jul 6, 2026, 10:54 PM (UTC+8)]
commit

---

#364 [Monday, Jul 6, 2026, 10:55 PM (UTC+8)]
我感觉点击文件或者文件夹的时候，有很高的延迟后才会高亮

---

#365 [Monday, Jul 6, 2026, 10:56 PM (UTC+8)]
commit

---

#366 [Monday, Jul 6, 2026, 10:58 PM (UTC+8)]
右键文件选择在文件夹中显示功能异常

---

#367 [Monday, Jul 6, 2026, 11:12 PM (UTC+8)]
修改后，右键进入不是文件真正所在的文件夹

---

#368 [Monday, Jul 6, 2026, 11:54 PM (UTC+8)]
还是错的路径

---

#369 [Tuesday, Jul 7, 2026, 12:19 AM (UTC+8)]
文件夹的在文件管理器中打开的路径是对的，只有文件的是错的

---

#370 [Tuesday, Jul 7, 2026, 12:21 AM (UTC+8)]
commit

---

#371 [Tuesday, Jul 7, 2026, 12:22 AM (UTC+8)]
有时候切换应用进入到编辑器的时候会突然弹出快速打开或者搜索笔记的检索框

---

#372 [Tuesday, Jul 7, 2026, 12:25 AM (UTC+8)]
新建md，画图或者文件夹的时候，文件列表自动处于rename状态

---

#373 [Tuesday, Jul 7, 2026, 12:26 AM (UTC+8)]
延迟有点高，能不能立刻进入rename状态

---

#374 [Tuesday, Jul 7, 2026, 12:28 AM (UTC+8)]
commit

---

#375 [Tuesday, Jul 7, 2026, 12:31 AM (UTC+8)]
文件列表中对MD支持“导出为MarkDown”，在target里创建同名目录，里面直接存放被导出的md和图片，并且md中所有的图片位置都设置为 ./ 作为相对位置，剩下让用户自行操作。

---

#376 [Tuesday, Jul 7, 2026, 12:34 AM (UTC+8)]
![1.00](./image-260707003411.png) 这样无法正常显示图片

---

#377 [Tuesday, Jul 7, 2026, 12:36 AM (UTC+8)]
是不是直接导出为 ![1.00](image-260707003411.png) 这样才是对的

---

#378 [Tuesday, Jul 7, 2026, 12:37 AM (UTC+8)]
commit

---

#379 [Tuesday, Jul 7, 2026, 12:38 AM (UTC+8)]
点击导出为markdown后，提供与PDF相同的进度条窗口，并且完成后自动选择target下的目标MD文件

---

#380 [Tuesday, Jul 7, 2026, 12:39 AM (UTC+8)]
commit

---

#381 [Tuesday, Jul 7, 2026, 12:46 AM (UTC+8)]
设置图片右侧提供导入图标，允许导入类似target导出MarkDown一样的md文件与图片同目录的文件夹，并自动转换为文件 + _pic 的组合。

---

#382 [Tuesday, Jul 7, 2026, 12:50 AM (UTC+8)]
不是把导入做进设置里，而是放在顶部栏设置图标右侧

---

#383 [Tuesday, Jul 7, 2026, 12:52 AM (UTC+8)]
commit & push

---

#384 [Tuesday, Jul 7, 2026, 12:52 AM (UTC+8)]
ok 基于这版做一个v0.3.0 的安装包

---

#385 [Tuesday, Jul 7, 2026, 12:58 AM (UTC+8)]
参考 v0.2.0-CHANGELOG.md 同理输出一份 v0.3.0-CHANGELOG.md

---

#386 [Tuesday, Jul 7, 2026, 12:58 AM (UTC+8)]
补充prompt.log到现在的位置

---

#387 [Tuesday, Jul 7, 2026, 9:30 PM (UTC+8)]
启动

---

#388 [Tuesday, Jul 7, 2026, 9:36 PM (UTC+8)]
快速打开功能支持打开PDF和Excalidraw

---

#389 [Tuesday, Jul 7, 2026, 9:40 PM (UTC+8)]
启动

---

#390 [Tuesday, Jul 7, 2026, 9:42 PM (UTC+8)]
帮我调研MarkDown常用的所有便捷的快捷键，先别全做进去，我选择合适的做进去。

---

#391 [Tuesday, Jul 7, 2026, 9:52 PM (UTC+8)]
1. 加粗 Ctrl+B，斜体Ctrl+I，下划线Ctrl+U，删除线 Ctrl+Shift+S，高亮 Ctrl+Shift+H
2. 标题 1-6 Ctrl 1~6
3. 上/下一个标题 Ctrl+↑/↓
4. 任务列表 Ctrl+L
5. 代码块 Ctrl + Shift + K
6. 表格 Ctrl + Shift + T
7. 编辑器放大： Ctrl + 滚轮。（补充放大百分比提示）

这些都做进设置页里允许用户配置，但是默认是不展开的避免页面太多内容，用户展开后才展示上述所有

---

#392 [Tuesday, Jul 7, 2026, 10:05 PM (UTC+8)]
编辑器缩放和上下一个标题都不允许修改吧

---

#393 [Tuesday, Jul 7, 2026, 10:13 PM (UTC+8)]
有些加粗字体，斜体等设置为标题后，其格式还在，我希望作为标题的文本消除所有格式

---

#394 [Tuesday, Jul 7, 2026, 10:17 PM (UTC+8)]
md支持右键复制为纯文本，即清除加粗/标题等格式

---

#395 [Tuesday, Jul 7, 2026, 10:20 PM (UTC+8)]
白屏了

---

#396 [Tuesday, Jul 7, 2026, 10:21 PM (UTC+8)]
commit

---

#397 [Tuesday, Jul 7, 2026, 10:21 PM (UTC+8)]
commit

---

#398 [Tuesday, Jul 7, 2026, 10:22 PM (UTC+8)]
当新建多个文件夹重名的时候，直接按照文件夹名称字符串排序了，我希望可以先识别同名文件夹/文件的后缀数字，根据数字进行排序，如果没有则按照字符串排序。

---

#399 [Tuesday, Jul 7, 2026, 11:00 PM (UTC+8)]
我看还是这样

---

#400 [Wednesday, Jul 8, 2026, 12:46 AM (UTC+8)]
MD 的代码块的字体和颜色可以更改吗，我想要字体固定改成微软雅黑，颜色改为加深一点的灰色（非高亮情况）

---

#401 [Wednesday, Jul 8, 2026, 12:52 AM (UTC+8)]
无语法高亮时候的颜色再浅一点点

---

#402 [Wednesday, Jul 8, 2026, 12:52 AM (UTC+8)]
再浅一点点

---

#403 [Wednesday, Jul 8, 2026, 12:53 AM (UTC+8)]
再浅一点点

---

#404 [Wednesday, Jul 8, 2026, 12:55 AM (UTC+8)]
文件夹改名后，点击顶栏新增文件，会新建到旧文件夹名称里，这导致会新增文件夹。

---

#405 [Wednesday, Jul 8, 2026, 12:56 AM (UTC+8)]
文件夹改名后不要折叠文件夹，保持原本的文件列表展开情况

---

#406 [Wednesday, Jul 8, 2026, 12:59 AM (UTC+8)]
commit

---

#407 [Wednesday, Jul 8, 2026, 1:00 AM (UTC+8)]
文件列表的滑动条做细一点

---

#408 [Wednesday, Jul 8, 2026, 1:01 AM (UTC+8)]
再文件顶部栏提供一个眼睛样式的图标，用来控制是否显示 _pic 文件夹。避免遮挡用户视野

---

#409 [Wednesday, Jul 8, 2026, 1:03 AM (UTC+8)]
设置为默认显示 _pic

---

#410 [Wednesday, Jul 8, 2026, 1:04 AM (UTC+8)]
显示的时候图标不需要蓝色高亮

---

#411 [Wednesday, Jul 8, 2026, 1:05 AM (UTC+8)]
commit

---

#412 [Wednesday, Jul 8, 2026, 1:06 AM (UTC+8)]
MD 在第一次插入图片的时候，去修改图片描述，这时候不会立刻更新图片描述，没有立刻刷新。如果本身带有空描述则正常能更新。

---

#413 [Wednesday, Jul 8, 2026, 1:12 AM (UTC+8)]
还是有这个问题，我觉得就每次插入图片都自动加入空字符串的图片描述就能解决

---

#414 [Wednesday, Jul 8, 2026, 1:15 AM (UTC+8)]
选中图片 ctrl + c 无法复制

---

#415 [Wednesday, Jul 8, 2026, 1:15 AM (UTC+8)]
选中图片 ctrl + c 无法复制

---

#416 [Wednesday, Jul 8, 2026, 1:17 AM (UTC+8)]
第一次加入文档的图片没有图片描述，第一次加入图片描述的时候，刷新同步有延迟，添加描述回车后过一会才显示

---

#417 [Wednesday, Jul 8, 2026, 1:21 AM (UTC+8)]
怎么输入后会显示在图片右侧，重新进入文件后才刷新到文件底部

---

#418 [Wednesday, Jul 8, 2026, 1:24 AM (UTC+8)]
第一次添加图片描述还是没办法立刻刷新到图片底部

---

#419 [Wednesday, Jul 8, 2026, 1:25 AM (UTC+8)]
commit

---

#420 [Wednesday, Jul 8, 2026, 1:27 AM (UTC+8)]
markdown内带有云端图库的话，会导出异常。帮我适配导出和导入。如果是导出，则下载图片后适配原有导出；如果是导入，则下载图片后适配原有导入。

---

#421 [Wednesday, Jul 8, 2026, 1:45 AM (UTC+8)]
帮我找一个网络图片让我测试一下

---

#422 [Wednesday, Jul 8, 2026, 1:50 AM (UTC+8)]
我直接复制这个进去：![网络测试图](https://picsum.photos/seed/boke-test/400/300 "这是图片描述")

并没有立刻渲染

---

#423 [Wednesday, Jul 8, 2026, 1:53 AM (UTC+8)]
commit

---

#424 [Wednesday, Jul 8, 2026, 1:54 AM (UTC+8)]
更换一下导入的图标，这个图片看着像下载

---

#425 [Wednesday, Jul 8, 2026, 1:55 AM (UTC+8)]
好诡异再换一个

---

#426 [Wednesday, Jul 8, 2026, 1:56 AM (UTC+8)]
有没有那种向下箭头的但是不像下载的导入图标

---

#427 [Wednesday, Jul 8, 2026, 1:57 AM (UTC+8)]
箭头往下一点，有点被边界挡住了

---

#428 [Wednesday, Jul 8, 2026, 1:57 AM (UTC+8)]
再往下一点

---

#429 [Wednesday, Jul 8, 2026, 1:58 AM (UTC+8)]
箭头再往下一点点，箭头的直线端长一点穿过边界

---

#430 [Wednesday, Jul 8, 2026, 1:58 AM (UTC+8)]
直线再长一点

---

#431 [Wednesday, Jul 8, 2026, 1:59 AM (UTC+8)]
整体箭头往上一点

---

#432 [Wednesday, Jul 8, 2026, 1:59 AM (UTC+8)]
保持箭头端位置不动，箭头末端直线往上加长，穿过托盘上边界

---

#433 [Wednesday, Jul 8, 2026, 2:00 AM (UTC+8)]
提示中删掉"md与图片同目录"

---

#434 [Wednesday, Jul 8, 2026, 2:01 AM (UTC+8)]
commit

---

#435 [Wednesday, Jul 8, 2026, 2:01 AM (UTC+8)]
commit

---

#436 [Wednesday, Jul 8, 2026, 2:02 AM (UTC+8)]
生成 v0.4.0 的 setup 安装程序

---

#437 [Wednesday, Jul 8, 2026, 2:08 AM (UTC+8)]
生成 v0.4.0-CHANGELOG.md

---

#438 [Wednesday, Jul 8, 2026, 2:08 AM (UTC+8)]
补齐prompt.log到现在的位置

---

#439 [Monday, Jul 20, 2026, 10:53 PM (UTC+8)]
启动桌面版

---

#440 [Monday, Jul 20, 2026, 10:59 PM (UTC+8)]
代码框或者引用或者什么地方的#注释也当成标题识别放在目录里了。我希望只有纯文本的地方的#被识别

---

#441 [Monday, Jul 20, 2026, 11:05 PM (UTC+8)]
滚轮放大后鼠标指针位置异常

---

#442 [Monday, Jul 20, 2026, 11:08 PM (UTC+8)]
指针还是异常，我本来指针聚焦在“文件夹”后面的，现在位置异常

---

#443 [Monday, Jul 20, 2026, 11:25 PM (UTC+8)]
普通文本为什么不会跟着放大了

---

#444 [Tuesday, Jul 21, 2026, 12:52 AM (UTC+8)]
启动桌面版

---

#445 [Tuesday, Jul 21, 2026, 12:54 AM (UTC+8)]
允许右键md的图片的时候，选择复制纯文本则复制为链接，选择复制的时候直接复制整个二进制，直接ctrl c 也是默认复制二进制

---

#446 [Tuesday, Jul 21, 2026, 12:59 AM (UTC+8)]
commit

---

#447 [Tuesday, Jul 21, 2026, 2:16 AM (UTC+8)]
文件列表不支持ctrl单个多选和shift多个多选

---

#448 [Tuesday, Jul 21, 2026, 2:20 AM (UTC+8)]
commit

---

#449 [Tuesday, Jul 21, 2026, 2:22 AM (UTC+8)]
文件夹栏支持右键复制单个文件

---

#450 [Tuesday, Jul 21, 2026, 2:24 AM (UTC+8)]
继续增加一个右键复制功能，直接复制文件本体而非路径

---

#451 [Tuesday, Jul 21, 2026, 2:28 AM (UTC+8)]
ctrl c 文件列表的文件也直接复制文件本体

---

#452 [Tuesday, Jul 21, 2026, 2:30 AM (UTC+8)]
commit

---

#453 [Tuesday, Jul 21, 2026, 2:32 AM (UTC+8)]
文件列表允许多选文件/文件夹 混合 进行复制和删除，删除的提示对应也变更为多个文件 / 文件夹

---

#454 [Tuesday, Jul 21, 2026, 2:35 AM (UTC+8)]
不允许选中_pic文件夹进行删除，但是里面的图片文件可以单独多选删除。

---

#455 [Tuesday, Jul 21, 2026, 2:36 AM (UTC+8)]
多选右键删除不要叫“删除项目”，而是 删除多项

---

#456 [Tuesday, Jul 21, 2026, 2:38 AM (UTC+8)]
多选文件右键后也显示删除多项

---

#457 [Tuesday, Jul 21, 2026, 2:39 AM (UTC+8)]
_pic 的文件夹允许被多选一起删除吧

---

#458 [Tuesday, Jul 21, 2026, 2:39 AM (UTC+8)]
回退吧，还是不允许删除_pic文件夹

---

#459 [Tuesday, Jul 21, 2026, 2:42 AM (UTC+8)]
commit

---

#460 [Tuesday, Jul 21, 2026, 2:43 AM (UTC+8)]
删除md后自动删除对应_pic 是通过文件名称实现的吗？还是通过文件ID，我在想如果用户在外面修改了文件名称，会不会影响文件和_pic的关联

---

#461 [Tuesday, Jul 21, 2026, 2:44 AM (UTC+8)]
有没有可能可以用文件的唯一标识进行绑定呢

---

#462 [Tuesday, Jul 21, 2026, 10:52 PM (UTC+8)]
启动桌面版

---

#463 [Wednesday, Jul 22, 2026, 12:37 AM (UTC+8)]
当我在MD文档A删除内容后，使用ctrl z 和 ctral y 能恢复，但是只要我跳到另一个文档B，再回到文档A的时候就没办法使用ctrl z 和 y了。有什么方案可以解决呢？我们先讨论一下。比如保留近10个文件的独立恢复缓冲区？先讨论

---

#464 [Wednesday, Jul 22, 2026, 12:50 AM (UTC+8)]
最近打开是指最近打开的多少个页签

---

#465 [Wednesday, Jul 22, 2026, 12:52 AM (UTC+8)]
保活 + 缓存吧，帮我做

---

#466 [Wednesday, Jul 22, 2026, 12:52 AM (UTC+8)]
保活 + 缓存吧，帮我做

---

#467 [Wednesday, Jul 22, 2026, 1:10 AM (UTC+8)]
似乎没生效，切换文档后还是没办法撤回和恢复

---

#468 [Wednesday, Jul 22, 2026, 1:16 AM (UTC+8)]
还是没生效

---

#469 [Wednesday, Jul 22, 2026, 1:23 AM (UTC+8)]
标签栏切换和文件夹栏切换都不行

---

#470 [Wednesday, Jul 22, 2026, 2:15 AM (UTC+8)]
帮我重启

---

#471 [Wednesday, Jul 22, 2026, 2:18 AM (UTC+8)]
commit

---

#472 [Wednesday, Jul 22, 2026, 2:28 AM (UTC+8)]
最后一个页签支持关闭。留下空白

---

#473 [Wednesday, Jul 22, 2026, 2:30 AM (UTC+8)]
欢迎页页删掉。然后双击tab栏自动新建md文件，如果文件夹栏有focus的文件或者文件夹，则新建在该文件同目录或者选中文件夹下。否则默认新建在根目录。新建后自动定位到新文件位置

---

#474 [Wednesday, Jul 22, 2026, 2:33 AM (UTC+8)]
关闭全部后，顶部tab栏保持宽度不要缩回去

---

#475 [Wednesday, Jul 22, 2026, 2:36 AM (UTC+8)]
commit

---

#476 [Wednesday, Jul 22, 2026, 2:47 AM (UTC+8)]
我想要在文件栏顶部加一个独立的“置顶”栏，这个置顶栏做一个链接的能力，而不是真正修改被置顶文件的位置。右键MD和EXCALIDRAW文件的时候才提供置顶选项。

---

#477 [Wednesday, Jul 22, 2026, 2:47 AM (UTC+8)]
我想要在文件栏顶部加一个独立的“置顶”栏，这个置顶栏做一个链接的能力，而不是真正修改被置顶文件的位置。右键MD和EXCALIDRAW文件的时候才提供置顶选项。

---

#478 [Wednesday, Jul 22, 2026, 2:54 AM (UTC+8)]
置顶二字居中

---

#479 [Wednesday, Jul 22, 2026, 2:54 AM (UTC+8)]
置顶二字修改为 置顶区域

---

#480 [Wednesday, Jul 22, 2026, 2:55 AM (UTC+8)]
新选择置顶的放置在上方

---

#481 [Wednesday, Jul 22, 2026, 2:55 AM (UTC+8)]
置顶区域页允许长按拖动修改顺序

---

#482 [Wednesday, Jul 22, 2026, 2:57 AM (UTC+8)]
置顶项的图标和文件名之间的间隙保持和文件列表一致

---

#483 [Wednesday, Jul 22, 2026, 2:58 AM (UTC+8)]
置顶区域允许ctrl 单个增量多选和shift多选，右键提供批量取消置顶

---

#484 [Wednesday, Jul 22, 2026, 3:00 AM (UTC+8)]
多选右键显示 取消置顶 就行

---

#485 [Wednesday, Jul 22, 2026, 3:02 AM (UTC+8)]
commit

---

#486 [Wednesday, Jul 22, 2026, 3:03 AM (UTC+8)]
置顶区域的项单选非多选右键也展示 置顶 选项来进行重新置顶最高

---

#487 [Wednesday, Jul 22, 2026, 3:06 AM (UTC+8)]
置顶区域允许长按项进行拖动，拖动到上面的项的上边界的时候上边界高亮，放手后可以更改项的位置。

---

#488 [Wednesday, Jul 22, 2026, 3:07 AM (UTC+8)]
长按拖动要求实际太久了，延迟保持和文件列表的一致

---

#489 [Wednesday, Jul 22, 2026, 3:08 AM (UTC+8)]
commit

---

#490 [Wednesday, Jul 22, 2026, 3:09 AM (UTC+8)]
文件列表长按拖动也保持一样的允许更换项位置的规格，与实际文件位置在文件管理器的位置进行解耦

---

#491 [Wednesday, Jul 22, 2026, 3:20 AM (UTC+8)]
我希望兼容文件拖动进其他文件夹后更换文件夹的能力。
1. 同目录内的文件拖动允许触碰上边界后更换文件的逻辑位置
2. 文件夹之间也允许拖动触碰其他文件夹的上边界以更改文件夹的逻辑位置，所有文件夹默认都在文件上侧，所以不允许将文件夹与文件之间换位置
3. 文件允许拖动进其他文件夹里以更换文件的实际存储路径。并且允许直接拖到指定文件夹的其他文件的上边界来直接更改存储路径的同时更改逻辑位置
4. 文件夹也允许拖动进其他文件夹里以更换文件夹的实际存储路径。同理允许直接更换文件夹的逻辑位置

---

#492 [Wednesday, Jul 22, 2026, 3:20 AM (UTC+8)]
执行开发吧

---

#493 [Wednesday, Jul 22, 2026, 3:24 AM (UTC+8)]
允许直接拖动文件夹栏文件到置顶区域来完成最新置顶，同样保持的是逻辑置顶行为

---

#494 [Wednesday, Jul 22, 2026, 8:58 AM (UTC+8)]
没有置顶文件的时候，隐藏置顶区域

---

#495 [Wednesday, Jul 22, 2026, 1:29 PM (UTC+8)]
tab栏右键关闭所有不要保留

---

#496 [Wednesday, Jul 22, 2026, 1:30 PM (UTC+8)]
commit

---

#497 [Wednesday, Jul 22, 2026, 1:31 PM (UTC+8)]
删除图片的提示弹窗，回车表示点击删除而不是输入回车符

---

#498 [Wednesday, Jul 22, 2026, 1:32 PM (UTC+8)]
commit

---

#499 [Wednesday, Jul 22, 2026, 1:33 PM (UTC+8)]
我感觉切换文件的时候有一点点，你帮我排查一下

---

#500 [Wednesday, Jul 22, 2026, 1:35 PM (UTC+8)]
试试

---

#501 [Wednesday, Jul 22, 2026, 2:03 PM (UTC+8)]
commit

---

#502 [Wednesday, Jul 22, 2026, 2:04 PM (UTC+8)]
图片删除后，ctrl z 撤回似乎只是内存撤回，磁盘文件没有回来

---

#503 [Wednesday, Jul 22, 2026, 8:22 PM (UTC+8)]
commit

---

#504 [Wednesday, Jul 22, 2026, 9:59 PM (UTC+8)]
顶部工具栏的导入文档右侧加一个置顶应用的功能图标，默认关闭（加一条斜线），点击后允许应用在windows的所有其他应用最上层。

---

#505 [Wednesday, Jul 22, 2026, 9:59 PM (UTC+8)]
顶部工具栏的导入文档右侧加一个置顶应用的功能图标，默认关闭（加一条斜线），点击后允许应用在windows的所有其他应用最上层。

---

#506 [Wednesday, Jul 22, 2026, 10:02 PM (UTC+8)]
启动桌面版

---

#507 [Wednesday, Jul 22, 2026, 10:07 PM (UTC+8)]
换一个顶置图标

---

#508 [Wednesday, Jul 22, 2026, 10:08 PM (UTC+8)]
改成类似这样的

---

#509 [Wednesday, Jul 22, 2026, 10:11 PM (UTC+8)]
能从图库里找吗

---

#510 [Wednesday, Jul 22, 2026, 10:13 PM (UTC+8)]
置顶图标往左侧一点点

---

#511 [Wednesday, Jul 22, 2026, 10:14 PM (UTC+8)]
commit

---

#512 [Wednesday, Jul 22, 2026, 10:15 PM (UTC+8)]
按F5刷新的时候，保持文件列表的展开情况

---

#513 [Wednesday, Jul 22, 2026, 10:18 PM (UTC+8)]
commit

---

#514 [Wednesday, Jul 22, 2026, 10:23 PM (UTC+8)]
我想做一个支持分屏的能力。我想的是在置顶右侧新增一个分屏图标，点击后左右分屏，如果Tab栏当前选中了一个文件，且Tab栏还有其他文件，则把当前文件分配到右屏；如果Tab栏只有一个文件或者没有文件，则保留在左侧，右侧屏为空屏，点击右屏后再选文件则再右侧展开。如果在左屏或者右屏选择了关闭所有，不要恢复单屏，只有当用户点击分屏后再恢复单屏。

---

#515 [Wednesday, Jul 22, 2026, 10:29 PM (UTC+8)]
目前左右侧不允许打开相同的文件。因此单屏后默认合并，且默认去重的。
中间分割条允许左右拖动调宽度。
允许将左屏的Tab栏的项拖到右屏

---

#516 [Wednesday, Jul 22, 2026, 11:32 PM (UTC+8)]
md的目录也提供和文件夹栏一样的抽屉缩回机制

---

#517 [Wednesday, Jul 22, 2026, 11:54 PM (UTC+8)]
左右分屏的目录缩回机制独立

---

#518 [Thursday, Jul 23, 2026, 12:19 AM (UTC+8)]
双屏默认收回左右屏的目录，让用户自己打开。单屏默认打开目录

---

#519 [Thursday, Jul 23, 2026, 12:21 AM (UTC+8)]
commit

---

#520 [Thursday, Jul 23, 2026, 12:23 AM (UTC+8)]
帮我实现双屏下左右屏Tab栏允许长按拖动进行左右屏互换

---

#521 [Thursday, Jul 23, 2026, 1:53 AM (UTC+8)]
Tab栏的项的删除按钮不要边框，直接透明底

---

#522 [Thursday, Jul 23, 2026, 1:53 AM (UTC+8)]
commit

---

#523 [Thursday, Jul 23, 2026, 1:54 AM (UTC+8)]
push

---

#524 [Thursday, Jul 23, 2026, 1:57 AM (UTC+8)]
文件列表将置顶修改为置于顶部

---

#525 [Thursday, Jul 23, 2026, 1:58 AM (UTC+8)]
区域标题还原不要改

---

#526 [Thursday, Jul 23, 2026, 1:58 AM (UTC+8)]
当我们选择其他文件的时候，如果和置顶区域高亮的不是同一个文件，那取消置顶区域的高亮

---

#527 [Thursday, Jul 23, 2026, 2:00 AM (UTC+8)]
点击置顶区域的项，自动映射高亮文件列表对应的文件

---

#528 [Thursday, Jul 23, 2026, 2:01 AM (UTC+8)]
commit

---

#529 [Thursday, Jul 23, 2026, 2:02 AM (UTC+8)]
双击shift搜索文件回车选择后，文件列表对应文件高亮

---

#530 [Thursday, Jul 23, 2026, 2:04 AM (UTC+8)]
commit

---

#531 [Thursday, Jul 23, 2026, 2:05 AM (UTC+8)]
ctrl + shift + F 的时候，输入关键字后，使用键盘上下为选择项

---

#532 [Thursday, Jul 23, 2026, 2:08 AM (UTC+8)]
ctrl + shift + F 能显示匹配关键字的一行在每一项下面，如果一行太长则使用 ......进行结尾省略，来保持长度只是一行。然后匹配关键字的地方显示加粗红色高亮

---

#533 [Thursday, Jul 23, 2026, 2:09 AM (UTC+8)]
置顶区域不要与文件列表覆盖，它们应该是相邻关系

---

#534 [Thursday, Jul 23, 2026, 2:09 AM (UTC+8)]
置顶区域不要与文件列表覆盖，它们应该是相邻关系

---

#535 [Thursday, Jul 23, 2026, 2:12 AM (UTC+8)]
关键字匹配只匹配正文，不匹配图片。关键字匹配后下面项的绝对路径加粗显示，但是关键字只加红不加粗

---

#536 [Thursday, Jul 23, 2026, 2:13 AM (UTC+8)]
关键字还是加粗又加红吧

---

#537 [Thursday, Jul 23, 2026, 2:14 AM (UTC+8)]
如果显示的匹配行里没有关键字（被省略了），那么就得至少将关键字显示在行末，省略行首一些信息

---

#538 [Thursday, Jul 23, 2026, 2:17 AM (UTC+8)]
全局搜索选择某项后，跳转到对应文件的对应行

---

#539 [Thursday, Jul 23, 2026, 2:22 AM (UTC+8)]
如果显示的行里没有关键字，整体显示内容后移，把关键字以及后3个字符显示在行末省略号之前。

---

#540 [Thursday, Jul 23, 2026, 2:32 AM (UTC+8)]
匹配不要包含文件的文件路径匹配，只包含文件内容的正文匹配

---

#541 [Thursday, Jul 23, 2026, 2:34 AM (UTC+8)]
commit

---

#542 [Thursday, Jul 23, 2026, 2:35 AM (UTC+8)]
push

---

#543 [Thursday, Jul 23, 2026, 10:27 PM (UTC+8)]
总结补充下提示词归档吧，像之前一样

---

#544 [Thursday, Jul 23, 2026, 10:36 PM (UTC+8)]
出包 v0.5.0

---

#545 [Friday, Jul 24, 2026, 12:20 PM (UTC+8)]
MD正文的滚轮系统坏掉了

---

#546 [Friday, Jul 24, 2026, 12:38 PM (UTC+8)]
提供一个很细的滚动栏吧，让用户能控制

---

#547 [Friday, Jul 24, 2026, 12:41 PM (UTC+8)]
文件栏复制文件后，允许选中文件栏的文件夹进行ctrl v 粘贴，或者右键文件夹选择粘贴。如果剪切板没有文件，则右键文件夹的粘贴功能禁用

---

#548 [Friday, Jul 24, 2026, 12:48 PM (UTC+8)]
粘贴不进去

---

#549 [Friday, Jul 24, 2026, 12:48 PM (UTC+8)]
重启桌面版

---

#550 [Friday, Jul 24, 2026, 12:51 PM (UTC+8)]
不能只复制文件，要把md文件绑定的_pic目录也复制一份，并且新md的图片路径要更新

---

#551 [Friday, Jul 24, 2026, 12:58 PM (UTC+8)]
单屏模式下，允许拖动Tab栏的项到右侧一定范围后提示进入双屏，松手后进入双屏

---

#552 [Friday, Jul 24, 2026, 1:04 PM (UTC+8)]
再出一个v0.5.0的包，只需要二进制就行，我替换一下

---

#553 [Friday, Jul 24, 2026, 1:42 PM (UTC+8)]
出安装包啊，放在和上次一样的路径里

---

#554 [Monday, Jul 27, 2026, 12:55 AM (UTC+8)]
文档定位功能被损坏，包括tab栏点击后自动定位

---

#555 [Monday, Jul 27, 2026, 12:59 AM (UTC+8)]
MD正文复制粘贴默认把特殊符号进行转义，我觉得应该直接复制源码的内容，不要做任何额外的转义，源码有转义符号就直接复制进去。粘贴就很纯粹地将源码文本原封不动粘贴进去。

---

#556 [Monday, Jul 27, 2026, 1:01 AM (UTC+8)]
复制粘贴后不要默认换行，鼠标在哪就粘贴到哪

---

#557 [Monday, Jul 27, 2026, 1:07 AM (UTC+8)]
文件定位能力还是异常

---

#558 [Monday, Jul 27, 2026, 1:08 AM (UTC+8)]
源码界面定宽，与MD同宽即可。

---

#559 [Monday, Jul 27, 2026, 1:10 AM (UTC+8)]
定位行为直接聚焦当前定位的文件，取消上一个文件的聚焦高亮

---

#560 [Monday, Jul 27, 2026, 1:11 AM (UTC+8)]
出一个v0.5.0 的包，我去覆盖上传

---

#561 [Friday, Aug 7, 2026, 9:24 PM (UTC+8)]
桌面版启动

---

#562 [Friday, Aug 7, 2026, 9:37 PM (UTC+8)]
文件列表下方空白区域右键允许创建md文件，excalidraw文件和文件夹

---

#563 [Friday, Aug 7, 2026, 9:49 PM (UTC+8)]
之前我们为了切换文件后仍能进行ctrl z 和 ctrl y，撤销和恢复。最后规格是定了保存最近的几个文件的全文内容来着。

---

#564 [Friday, Aug 7, 2026, 9:51 PM (UTC+8)]
修改为5个

---

#565 [Friday, Aug 7, 2026, 9:52 PM (UTC+8)]
因为这个能力，导致如果保存了最近的五个文件在内存后，如果进行相关文件的删除，会导致因为某些操作就把文件重新生成了，因为内容一直保存在内存中。这是一个这个功能引入的bug

---

#566 [Friday, Aug 7, 2026, 10:00 PM (UTC+8)]
当前md是写一个字或者改一个字就全文保存一次吗

---

#567 [Friday, Aug 7, 2026, 10:03 PM (UTC+8)]
手动保存是ctrl + s吗

---

#568 [Friday, Aug 7, 2026, 10:16 PM (UTC+8)]
ctrl s 的时候，切换实时渲染和源码那一栏的居中位置显示“文件内存已保存”的提示框，并且开头加一个绿色的圆圈打勾的图标。如果文件有任何改动则改为“文件内容未保存”，图标为灰色。

---

#569 [Friday, Aug 7, 2026, 10:45 PM (UTC+8)]
MD的标题位置往下一点，不要和提示框贴太近了。但是又不要移动正文所在的位置。缩短标题和正文之间的间隔就行

---

#570 [Friday, Aug 7, 2026, 10:47 PM (UTC+8)]
标题被裁剪了

---

#571 [Friday, Aug 7, 2026, 10:50 PM (UTC+8)]
设置页提供一个开关，允许选择框里选择实时保存 或者 每15s自动保存+手动保存

---

#572 [Friday, Aug 7, 2026, 11:46 PM (UTC+8)]
如果是自动保存，则提示显示是文件内容已自动保存

---

#573 [Friday, Aug 7, 2026, 11:47 PM (UTC+8)]
如果是未保存，则图标改为圆圈里面一个感叹号的图标，并且图标为黄色高亮

---

#574 [Friday, Aug 7, 2026, 11:49 PM (UTC+8)]
默认采取自动保存 + 手动保存而非实时保存。切换为实时保存后，顶部的保存提示常驻固定为“文件内容已采用实时保存”，默认绿色的圆圈打勾图标。

---

#575 [Friday, Aug 7, 2026, 11:50 PM (UTC+8)]
如果是自动保存 + 手动保存，则对当前未保存的文件，在顶部tab栏的文件项的文件名右侧增加一个实心点提示。如果关闭当前文件页则提示当前文件未保存是否关闭

---

#576 [Saturday, Aug 8, 2026, 1:33 AM (UTC+8)]
实时保存会在每次编辑后稍后写入磁盘 修改未 立刻写入磁盘。仅修改描述，不修改功能，不然用户容易误会

---

#577 [Saturday, Aug 8, 2026, 1:35 AM (UTC+8)]
每15s自动保存 + 手动保存 修改为 每15s自动保存。仅修改文本

---

#578 [Saturday, Aug 8, 2026, 1:41 AM (UTC+8)]
只有当前未保存的时候才需要触发自动保存。保持每15s检查一次

---

#579 [Saturday, Aug 8, 2026, 1:45 AM (UTC+8)]
md里，* 构造的列表，在刷新页面后渲染异常，直接不见了

---

#580 [Saturday, Aug 8, 2026, 1:57 AM (UTC+8)]
commit，然后解决下一个问题：加粗的*很容易被自动转义，删掉所有潜在的自动转义，让用户自己使用转义符

---

#581 [Saturday, Aug 8, 2026, 1:59 AM (UTC+8)]
commit，然后解决下一个问题：在加粗或者高亮的文本后面增加文字会续上加粗和高亮，默认不续上。然后commit

---

#582 [Saturday, Aug 8, 2026, 2:23 AM (UTC+8)]
md的正文往下移动一点，源码的顶部被标题覆盖了一点

---

#583 [Saturday, Aug 8, 2026, 2:25 AM (UTC+8)]
提示未保存的时候，关闭按钮红色高亮

---

#584 [Saturday, Aug 8, 2026, 2:27 AM (UTC+8)]
不是tab栏的关闭图标，而是提示未保存是否确定关闭的时候，关闭按钮红色高亮

---

#585 [Saturday, Aug 8, 2026, 2:32 AM (UTC+8)]
excalidraw当前的保存策略是什么

---

#586 [Saturday, Aug 8, 2026, 2:39 AM (UTC+8)]
我会偶现遇到1个excalidraw文件突然被另一个excalidraw文件完全覆盖，我怀疑和excalidraw的保存策略有关，在内存中的预保存内容被共用或者被错用了，帮我定位解决或者加固一下

---

#587 [Saturday, Aug 8, 2026, 2:40 AM (UTC+8)]
excalidraw 文件也和 md 共用15s自动保存 和 实时保存的开关。excalidraw的tab栏也提供实心点表示文件未保存。excalidraw内容里也提供一个保存情况提示，风格与md已有的一致。

---

#588 [Saturday, Aug 8, 2026, 2:43 AM (UTC+8)]
提示被挡住了，帮我放在如图红框的位置，也就是底部栏居中位置

---

#589 [Saturday, Aug 8, 2026, 2:45 AM (UTC+8)]
当前15s检查一次自动保存，是对文件栏的所有文件吗？

---

#590 [Saturday, Aug 8, 2026, 2:46 AM (UTC+8)]
当我点开一个excalidraw后，再点开另一个excalidraw的时候，tab栏会覆盖而不是增量开一个

---

#591 [Saturday, Aug 8, 2026, 2:48 AM (UTC+8)]
md的保存提示试试不要边框不要背景，只要文字

---

#592 [Saturday, Aug 8, 2026, 2:48 AM (UTC+8)]
图标要保留呀

---

#593 [Saturday, Aug 8, 2026, 2:48 AM (UTC+8)]
整体提示往下移动一点

---

#594 [Saturday, Aug 8, 2026, 2:49 AM (UTC+8)]
excalidraw也一样

---

#595 [Saturday, Aug 8, 2026, 2:50 AM (UTC+8)]
往上一点

---

#596 [Saturday, Aug 8, 2026, 2:52 AM (UTC+8)]
开双屏后，excalidraw的排版会变

---

#597 [Saturday, Aug 8, 2026, 2:58 AM (UTC+8)]
现在是一打开excalidraw就报错了

---

#598 [Saturday, Aug 8, 2026, 3:01 AM (UTC+8)]
excalidraw的文件保存提示的图层放在最顶层

---

#599 [Saturday, Aug 8, 2026, 3:03 AM (UTC+8)]
双屏其中一屏全部文件项都关闭后，恢复单屏

---

#600 [Saturday, Aug 8, 2026, 3:06 AM (UTC+8)]
双屏其中一屏最后一个标签拖过去另一个屏后也恢复单屏

---

#601 [Saturday, Aug 8, 2026, 3:08 AM (UTC+8)]
允许将文件栏的项拖到tab栏和右侧触发双屏区域

---

#602 [Sunday, Aug 9, 2026, 10:54 PM (UTC+8)]
出个 v0.6.0 的包

---

#603 [Sunday, Aug 9, 2026, 10:58 PM (UTC+8)]
我想要以这个为logo，绿色背景删掉采用透明背景。使用png来保存透明背景。输出图片给我看看

---

#604 [Sunday, Aug 9, 2026, 11:07 PM (UTC+8)]
你完全是抠出来了，但是它像素太低了，帮我用原图修复高清后再去除绿底。

---

#605 [Sunday, Aug 9, 2026, 11:24 PM (UTC+8)]
用这个图片来作为我们的新logo

---

#606 [Sunday, Aug 9, 2026, 11:31 PM (UTC+8)]
重新打包v0.6.0

---

#607 [Sunday, Aug 9, 2026, 11:42 PM (UTC+8)]
我发现我重新安装v0.6.0后，应用内的logo改为最新了，但是windows底部任务栏的logo没有更新为最新的

---

#608 [Sunday, Aug 9, 2026, 11:51 PM (UTC+8)]
再重新出包一次

---

#609 [Monday, Aug 10, 2026, 12:27 AM (UTC+8)]
这张图作为中文README的截图展示，把图片文件放进仓库

---

#610 [Monday, Aug 10, 2026, 12:28 AM (UTC+8)]
这张图作为英文README的截图展示，把图片文件放进仓库

---

#611 [Monday, Aug 10, 2026, 12:37 AM (UTC+8)]
README的中文文件和英文文件开头都增加一个核心能力描述：
核心设计：
1. MD中的所有图片将被统一自动管理到`同名_pic`文件夹里，pic目录和文档内图片路径自动跟随原MD文件的重命名或路径修改。
2. 导出的文件统一管理到target目录，位于文件列表栏底部。
3. 支持软链接置顶文件，便于查找。
4. 支持双shift快速查找文件，ctrl+shift+F进行全文查找与关键词匹配。
5. MD内的图片操作可视化，将更加易用。
6. 更多字体，更加个性。

---

#612 [Monday, Aug 10, 2026, 1:27 AM (UTC+8)]
20

---

#613 [Monday, Aug 10, 2026, 1:31 AM (UTC+8)]
README的图片展示不出来

---

#614 [Monday, Aug 10, 2026, 3:31 AM (UTC+8)]
本地和远程都还是看不见

---

#615 [Monday, Aug 10, 2026, 10:14 PM (UTC+8)]
双屏模式没有适配好15s保存+手动保存的功能，双屏下无法保存。注意修改后进行仔细检查影响范围，不允许影响其他基本功能。

---

#616 [Monday, Aug 10, 2026, 10:36 PM (UTC+8)]
文件列表栏点击焦点的项可以取消焦点。当整个文件列表栏都没有焦点项的时候，默认新建文件/文件夹在根目录

---

#617 [Monday, Aug 10, 2026, 10:39 PM (UTC+8)]
文件夹的焦点可以取消了，但是文件的焦点还没法取消

---

#618 [Monday, Aug 10, 2026, 10:46 PM (UTC+8)]
不要允许文件夹和文件能被同时聚焦

---

#619 [Monday, Aug 10, 2026, 10:50 PM (UTC+8)]
不对不对，不是不允许被同时聚焦，多选的时候允许被同时聚焦。但日常单击的时候只允许一个焦点

---

#620 [Monday, Aug 10, 2026, 11:05 PM (UTC+8)]
在手动取消文件聚焦后，再回到文件的编辑区域的时候重新聚焦

---

#621 [Monday, Aug 10, 2026, 11:10 PM (UTC+8)]
点击文件列表底部空白处，也默认取消当前所有焦点

---

#622 [Monday, Aug 10, 2026, 11:20 PM (UTC+8)]
重新出v0.6.0的包

---

#623 [Tuesday, Aug 11, 2026, 12:16 AM (UTC+8)]
这个安装包在上传github后，被下载的时候，偶尔会触发windows的病毒扫描，导致下载失败或者被windows拦截主动删除。

---

#624 [Wednesday, Aug 12, 2026, 1:25 AM (UTC+8)]
有用户反馈，md渲染和源码存在不一致的情况，帮我定位，如果是问题就解决，不是问题就加固。并且注意修改代码后进行二次检视，避免影响其他功能。

---

#625 [Wednesday, Aug 12, 2026, 1:39 AM (UTC+8)]
在打开excalidraw的时候，文件栏的抽屉行为不可用，感觉是图层问题导致按钮无法被选中

---

#626 [Wednesday, Aug 12, 2026, 1:41 AM (UTC+8)]
收回文件栏的时候，不要隐藏顶部栏LOGO右侧的工作目录路径

---

#627 [Wednesday, Aug 12, 2026, 1:42 AM (UTC+8)]
我看还是被缩回去了

---

#628 [Wednesday, Aug 12, 2026, 1:44 AM (UTC+8)]
文件栏的文件定位功能你觉得还有必要保留吗？我们点击文件的时候自动会定位。我想先看看你的分析和看法

---

#629 [Wednesday, Aug 12, 2026, 1:45 AM (UTC+8)]
只藏图标

---

#630 [Wednesday, Aug 12, 2026, 9:41 PM (UTC+8)]
把提示词整理保存一下

---

#631 [Wednesday, Aug 12, 2026, 9:42 PM (UTC+8)]
不是，是帮我把我写的promt保存到根目录的promt文件里

---

#632 [Wednesday, Aug 12, 2026, 9:46 PM (UTC+8)]
你能记得每个提示词花了多少token吗？先判断，先别改文件

---

#633 [Wednesday, Aug 12, 2026, 9:47 PM (UTC+8)]
你能知道上一句对话花了多少token吗

---

#634 [Wednesday, Aug 12, 2026, 10:05 PM (UTC+8)]
右键MD允许直接导出zip，zip就是导出文件夹后再压缩为zip。如果target目录下本来就存在文件夹，则不删除。如果target目录下没有对应的导出的文件夹，然后又再导出zip的话需要删除文件夹。或者你可以思考更好的方式来实现这个诉求

---

#635 [Wednesday, Aug 12, 2026, 10:11 PM (UTC+8)]
文件列表给zip文件加一个压缩图标吧

---

#636 [Wednesday, Aug 12, 2026, 10:14 PM (UTC+8)]
换一个zip图标，和windows的差不多吧

---

#637 [Wednesday, Aug 12, 2026, 10:16 PM (UTC+8)]
再换一种压缩图标

---

#638 [Wednesday, Aug 12, 2026, 10:16 PM (UTC+8)]
再换一种

---

#639 [Wednesday, Aug 12, 2026, 10:17 PM (UTC+8)]
要不改成ZIP吧

---

#640 [Wednesday, Aug 12, 2026, 10:17 PM (UTC+8)]
加粗试试

---

#641 [Wednesday, Aug 12, 2026, 10:21 PM (UTC+8)]
PDF的图标有点太深色了，浅色一点

---

#642 [Wednesday, Aug 12, 2026, 10:21 PM (UTC+8)]
PDF文件图标改成PDF吧

---

#643 [Wednesday, Aug 12, 2026, 10:23 PM (UTC+8)]
PDF图标的DF可以小一点，与P构成大小差

---

#644 [Wednesday, Aug 12, 2026, 10:23 PM (UTC+8)]
算了还原等大吧

---

#645 [Wednesday, Aug 12, 2026, 10:26 PM (UTC+8)]
README文件默认提供中文，允许跳转到英文

---

#646 [Wednesday, Aug 12, 2026, 10:30 PM (UTC+8)]
不对不对，你刚刚对“README文件默认提供中文，允许跳转到英文”的修改是不对的，先修改回去

---

#647 [Wednesday, Aug 12, 2026, 10:31 PM (UTC+8)]
是的，是仓库目录里的

---

#648 [Wednesday, Aug 12, 2026, 10:37 PM (UTC+8)]
MD的代码块无法将mermaid渲染成图片

---

#649 [Wednesday, Aug 12, 2026, 10:59 PM (UTC+8)]
给个mermaid的demo给我，让我测试一下。

---

#650 [Wednesday, Aug 12, 2026, 11:05 PM (UTC+8)]
Mermaid Demo 作为软件默认提供的md吧，与readme一样

---

#651 [Wednesday, Aug 12, 2026, 11:06 PM (UTC+8)]
不需要cn，默认提供一个英文的文件就好了，也不需要en后缀

---

#652 [Wednesday, Aug 12, 2026, 11:20 PM (UTC+8)]
我想在文件保存提示那一行的右侧，提供onlyview的按钮，文档不允许编辑，鼠标在空白处指针为普通指针，鼠标在文字处允许选择文本进行操作。不允许增删改内容

---

#653 [Wednesday, Aug 12, 2026, 11:26 PM (UTC+8)]
你怎么把提示文本弄没了。我要求仅预览的按钮在同一水平位置的最右侧，也就是编辑区域的顶部最右侧

---

#654 [Wednesday, Aug 12, 2026, 11:31 PM (UTC+8)]
仅查看按钮只提供一个眼睛，鼠标悬浮再显示按钮文本。并且点击后高亮请保持和顶部工具栏点击后高亮相同的蓝色

---

#655 [Wednesday, Aug 12, 2026, 11:37 PM (UTC+8)]
不要展开显示按钮文本，参考顶部工具栏的模式

---

#656 [Wednesday, Aug 12, 2026, 11:39 PM (UTC+8)]
点击仅预览后，图片也只支持双击放大，下方图片操作栏全部隐藏且不允许删除图片

---

#657 [Wednesday, Aug 12, 2026, 11:42 PM (UTC+8)]
当我MD编辑区滑动到最顶端的时候，只要我选中任意文本，整个MD编辑区就会上移，存在位置偏移的问题

---

#658 [Wednesday, Aug 12, 2026, 11:46 PM (UTC+8)]
应该不是这个问题，你先回退你这个修改

---

#659 [Wednesday, Aug 12, 2026, 11:47 PM (UTC+8)]
我怀疑是因为我们选中文本后，会出现一个工具栏导致布局被顶起来。

---

#660 [Wednesday, Aug 12, 2026, 11:51 PM (UTC+8)]
你虽然关掉了，但是编辑区还是被顶起来了，整体文本还是上移。而且我希望保留工具栏，还蛮方便的

---

#661 [Wednesday, Aug 12, 2026, 11:56 PM (UTC+8)]
你把工具栏直接搞坏了，把这两次修改都还原回去。

---

#662 [Wednesday, Aug 12, 2026, 11:58 PM (UTC+8)]
可以看到，图一是未选中文本时，正文距离标题的位置，图二是选中后正文被顶上去后的距离。帮我再定位一下为什么会偏移。

---

#663 [Thursday, Aug 13, 2026, 12:01 AM (UTC+8)]
做一版

---

#664 [Thursday, Aug 13, 2026, 12:04 AM (UTC+8)]
现在变成了，工具栏不见了，但是还是上移

---

#665 [Thursday, Aug 13, 2026, 12:08 AM (UTC+8)]
还是这样，是不是我们的定位思路不对还是

---

#666 [Thursday, Aug 13, 2026, 12:15 AM (UTC+8)]
把这几次的修改都还原吧，感觉修坏了已经

---

#667 [Thursday, Aug 13, 2026, 12:16 AM (UTC+8)]
能不能帮我固定MD的编辑区，游离于任何其他布局。避免被其他组件影响绝对位置

---

#668 [Thursday, Aug 13, 2026, 12:19 AM (UTC+8)]
又改坏了，帮我还原代码

---

#669 [Thursday, Aug 13, 2026, 12:20 AM (UTC+8)]
帮我完全删除选中文本后的工具栏

---

#670 [Thursday, Aug 13, 2026, 12:22 AM (UTC+8)]
不要利用它的开关，直接源码层面删除呢

---

#671 [Thursday, Aug 13, 2026, 12:26 AM (UTC+8)]
这不是还在吗

---

#672 [Thursday, Aug 13, 2026, 12:29 AM (UTC+8)]
帮我重启桌面版

---

#673 [Thursday, Aug 13, 2026, 12:31 AM (UTC+8)]
我发现我选中文本后，编辑区的滚轮都直接消失了，导致文本右移

---

#674 [Thursday, Aug 13, 2026, 12:35 AM (UTC+8)]
选中文本还是存在正文上下移动的问题，到底是为什么呢？

---

#675 [Thursday, Aug 13, 2026, 12:37 AM (UTC+8)]
改一版试试

---

#676 [Thursday, Aug 13, 2026, 12:39 AM (UTC+8)]
我知道了，是不是就是因为滚轮，选中文本后滚轮到了最下方，未选中文本滚轮到了最上方。滚轮应该固定，当当前页能显示完全所有行的时候滚轮不应该允许滚动

---

#677 [Thursday, Aug 13, 2026, 12:41 AM (UTC+8)]
帮我把MD编辑区的边框显示边界线条

---

#678 [Thursday, Aug 13, 2026, 12:44 AM (UTC+8)]
为什么如果设置的是一级标题，正文距离边框这么远（图一）

而如果第一行是正文，则正文在顶部（图二）

第一行是标题的时候，能不能帮我把标题顶到边界，和正文的时候一样

---

#679 [Thursday, Aug 13, 2026, 12:47 AM (UTC+8)]
当前commit区域所有文件进行回退

---

#680 [Thursday, Aug 13, 2026, 12:53 AM (UTC+8)]
第一行是标题的时候，能否取消标题的顶部定长间距

---

#681 [Thursday, Aug 13, 2026, 12:56 AM (UTC+8)]
第一行标题还是距离编辑区顶部边框很长

---

#682 [Thursday, Aug 13, 2026, 12:59 AM (UTC+8)]
能不能给MD第一行固定加一行空行，空行默认不允许加入任何内容，但允许使用回车下方新增行。如果在空行输入内容或者粘贴内容，则默认下方新增行后填充。

---

#683 [Thursday, Aug 13, 2026, 1:01 AM (UTC+8)]
回退当前commit区所有内容

---

#684 [Monday, Aug 17, 2026, 12:05 AM (UTC+8)]
md编辑区里，标题顶部和底部的间隔是多少

---

#685 [Monday, Aug 17, 2026, 12:06 AM (UTC+8)]
对比正文呢

---

#686 [Monday, Aug 17, 2026, 12:08 AM (UTC+8)]
假如文档第一行是一个标题，那么在选中任意文本的时候，该标题的顶部间距会被缩短成和正文一样。帮我定位一下，我希望选中任意文本的时候第一行的标题上下间距不会被影响

---

#687 [Monday, Aug 17, 2026, 12:25 AM (UTC+8)]
回退一下刚刚开发的

---

#688 [Monday, Aug 17, 2026, 12:26 AM (UTC+8)]
帮我把md编辑区的box增加边框显示，用黑色

---

#689 [Monday, Aug 17, 2026, 12:29 AM (UTC+8)]
一级标题现在距离顶部多少

---

#690 [Monday, Aug 17, 2026, 12:31 AM (UTC+8)]
可以看到，我没有选中文本的时候，第一行标题距离顶部是有间距的，如图一。而我选中任意文本后，间距直接完全消失了。

---

#691 [Monday, Aug 17, 2026, 12:32 AM (UTC+8)]
终于解决了，删掉边框

---

#692 [Monday, Aug 17, 2026, 12:35 AM (UTC+8)]
右键tab栏的标签给MD文档提供 刷新 按钮，能够重新刷盘来确保内容最新

---

#693 [Monday, Aug 17, 2026, 12:41 AM (UTC+8)]
双屏允许同时打开两份相同的MD文件，但是其中一项必须（默认后打开的）仅查看，如果取消该文件的仅查看，那么另一个屏的相同文件就需要被打开，被交替的时候自动刷新两侧的MD文档。如果删掉其中一个屏，则两个相同的MD文件归为一个，取消仅查看。先对MD进行该能力开发，其他文件先不允许打开相同的。

---

#694 [Monday, Aug 17, 2026, 12:45 AM (UTC+8)]
检查下该功能开发是否影响其他功能，特别是保存功能，数据一致性功能，一定不能影响用户的数据，一定要仔细检查。

---

#695 [Monday, Aug 17, 2026, 12:50 AM (UTC+8)]
打开仅查看的时候，中央的保存信息显示关闭

---

#696 [Monday, Aug 17, 2026, 12:52 AM (UTC+8)]
仅查看的时候，标签不需要显示未保存的时候显示的实心圆点

---

#697 [Monday, Aug 17, 2026, 12:57 AM (UTC+8)]
出 v0.7.0 版本

---

#698 [Monday, Aug 17, 2026, 10:22 PM (UTC+8)]
我想对当前已有的能力进行用例维护，或者skill验证维护，特别是应用的数据安全问题，特别是数据防丢失验证。帮我思考和设计一下应该如何把这个测试工程搭建起来，可以先不搭建

---

#699 [Monday, Aug 17, 2026, 10:29 PM (UTC+8)]
落地执行第一期吧，并提供skill，要求每次push前都跑一遍

---

#700 [Monday, Aug 17, 2026, 10:34 PM (UTC+8)]
commit并push

---

#701 [Monday, Aug 17, 2026, 10:35 PM (UTC+8)]
为什么你不展示门禁进度

---

#702 [Monday, Aug 17, 2026, 10:35 PM (UTC+8)]
commit + push

---

#703 [Monday, Aug 17, 2026, 10:37 PM (UTC+8)]
帮我check一下已有的能力，看看哪些功能验证还可以且需要加入到门禁里

---

#704 [Monday, Aug 17, 2026, 10:40 PM (UTC+8)]
执行！

---

#705 [Monday, Aug 17, 2026, 10:48 PM (UTC+8)]
当MD的某行成为任意标题后，对改行进行格式清除，包括加粗格式，高亮格式，斜体格式等。如果对标题再加比如_，*等和字体格式相关的符号，自动加转义符，但是目录不展示转义符

---

#706 [Monday, Aug 17, 2026, 10:55 PM (UTC+8)]
上次的任务完成了吗，帮我重启桌面版

---

#707 [Monday, Aug 17, 2026, 11:01 PM (UTC+8)]
兼容一个场景，如果我在建立标题后，把标题修改为类似 # **sla**，sda_sdasjl_sads 这样的情况，目录就不要删掉这些字符，因为可能用户就是希望用这些字符

---

#708 [Monday, Aug 17, 2026, 11:23 PM (UTC+8)]
目录还是不显示_和*等

---

#709 [Tuesday, Aug 18, 2026, 12:39 AM (UTC+8)]
在对标题里的任意字符串前后加上**的时候，不要取消，默认转义，因为这时候已经是标题了。只有对还不是标题的行转成标题的时候再清空格式，``也是一样

---

#710 [Tuesday, Aug 18, 2026, 1:25 AM (UTC+8)]
在不影响上述能力的情况下，当正文是加粗字体或者高亮或者斜体的时候，转为标题的时候清空格式

---

#711 [Tuesday, Aug 18, 2026, 1:33 AM (UTC+8)]
用户有说遇到了windows安装问题：After selecting the specified directory, click Install, and it will display
Can't write: D:\Program Files\Chestnut\chestnut-desktop.exe，帮我思考一下可能是什么原因导致的

---

#712 [Tuesday, Aug 18, 2026, 1:45 AM (UTC+8)]
帮我仔细检查当前项目，看有没有可以缩减包大小的地方，当前包大小是32M左右，特别是冗余代码，冗余依赖和冗余模块。

---

#713 [Tuesday, Aug 18, 2026, 1:55 AM (UTC+8)]
帮我删除public里的无用文件吧

---

#714 [Tuesday, Aug 18, 2026, 1:58 AM (UTC+8)]
帮我出一个v0.7.1的包，不需要CHANGELOG，我想知道包能小多少

---

#715 [Tuesday, Aug 18, 2026, 2:03 AM (UTC+8)]
MD的图片预览，偶尔会发生异常（非放大预览），就本应该能直接在编辑区看到图片的全貌，但是偶现会发生图片预览向中心放大，四周被裁切，而双击放大后图片正常显示

---

#716 [Tuesday, Aug 18, 2026, 2:07 AM (UTC+8)]
帮我检查本次修改是否影响其他功能

---

#717 [Tuesday, Aug 18, 2026, 10:49 PM (UTC+8)]
tab栏标签允许长按拖动更换顺序

---

#718 [Tuesday, Aug 18, 2026, 10:57 PM (UTC+8)]
从左侧文件栏拖拽到tab栏的时候也允许与其他标签更换顺序。

---

#719 [Tuesday, Aug 18, 2026, 11:00 PM (UTC+8)]
在长按拖拽一个标签进行tab栏顺序更换的时候，提供一个滑动的动画来体现位置变动

---

#720 [Tuesday, Aug 18, 2026, 11:15 PM (UTC+8)]
从文件栏拖动到tab栏变成标签的时候，也提供滑动的位置动画

---

#721 [Tuesday, Aug 18, 2026, 11:39 PM (UTC+8)]
我觉得你这个有个落位的提示就很不错，tab栏内拖拽标签移动页采取这个方案

---

#722 [Tuesday, Aug 18, 2026, 11:59 PM (UTC+8)]
MD的代码框块现发生渲染和源码不同步的情况，即源码有内容，而渲染区不显示内容

---

#723 [Wednesday, Aug 19, 2026, 1:08 AM (UTC+8)]
判断本次修改是否影响其他功能

---

#724 [Saturday, Aug 22, 2026, 1:20 AM (UTC+8)]
MD的链接在按住ctrl的时候鼠标变成手指点击样式，点击后可以通过默认浏览器打开

---

#725 [Saturday, Aug 22, 2026, 1:27 AM (UTC+8)]
重启

---

#726 [Saturday, Aug 22, 2026, 1:32 AM (UTC+8)]
鼠标悬浮链接上显示的工具栏是什么，感觉好没用啊。帮我删掉链接相关的工具栏功能吧

---

#727 [Saturday, Aug 22, 2026, 1:35 AM (UTC+8)]
检视一下代码是否影响其他功能

---

#728 [Saturday, Aug 22, 2026, 1:37 AM (UTC+8)]
MD编辑器ctrl+c默认仅复制文本吧

---

#729 [Saturday, Aug 22, 2026, 1:42 AM (UTC+8)]
我想要链接提供蓝色高亮吧

---

#730 [Saturday, Aug 22, 2026, 1:43 AM (UTC+8)]
ctrl+左键点击链接后不要选中该行

---

#731 [Saturday, Aug 22, 2026, 1:45 AM (UTC+8)]
我们使用的MD的开源三方件是什么协议

---

#732 [Saturday, Aug 22, 2026, 1:46 AM (UTC+8)]
我点击第一个链接后长这样

---

#733 [Saturday, Aug 22, 2026, 10:01 PM (UTC+8)]
我看当前chestnut项目的文件夹名称为boke，帮我重命名为chestnut，并且检查是否有潜在的重命名后的项目影响

---

#734 [Sunday, Aug 23, 2026, 12:13 AM (UTC+8)]
标题的上间距比下间距大，能不能统一和下间距一致

---

#735 [Sunday, Aug 23, 2026, 12:32 AM (UTC+8)]
还原刚刚的修改，你影响了其他布局

---

#736 [Sunday, Aug 23, 2026, 12:34 AM (UTC+8)]
重新尝试减少各级标题的上间距，减小到与该级标题的下间距相同。

---

#737 [Sunday, Aug 23, 2026, 12:44 AM (UTC+8)]
能估算当前chestnutEditor启动的时候的内存占用情况是多少吗

---

#738 [Sunday, Aug 23, 2026, 12:46 AM (UTC+8)]
对比业界成熟的编辑器软件，这个内存占用是不是太高了

---

#739 [Sunday, Aug 23, 2026, 12:49 AM (UTC+8)]
帮我实现懒加载 Mermaid / Excalidraw

---

#740 [Sunday, Aug 23, 2026, 12:55 AM (UTC+8)]
现在帮我检查当前由你启动的chestnut的实际内存占用情况

---

#741 [Sunday, Aug 23, 2026, 12:56 AM (UTC+8)]
重启软件，然后重测

---

#742 [Sunday, Aug 23, 2026, 12:58 AM (UTC+8)]
现在就可以重测内存占用情况

---

#743 [Sunday, Aug 23, 2026, 1:00 AM (UTC+8)]
现在再测一下

---

#744 [Sunday, Aug 23, 2026, 1:03 AM (UTC+8)]
选择标题所在行的时候，用户容易不知道当前是几级标题，选中标题行的时候根据标题等级展示n个#和空格在行头（源码本来就有这些），然后#单独提供灰色，离开行后隐藏刚刚新增的内容

---

#745 [Sunday, Aug 23, 2026, 1:16 AM (UTC+8)]
同理，对加粗字体，斜体，删除线，高亮字体也是，在指针停留在对应效果的字符串里（不是行）的时候展示源码（灰色），指针离开的时候隐藏

---

#746 [Sunday, Aug 23, 2026, 1:22 AM (UTC+8)]
检查是否影响其他渲染功能。

---

#747 [Sunday, Aug 23, 2026, 1:26 AM (UTC+8)]
加粗的字体显示异常，源码是图二

---

#748 [Sunday, Aug 23, 2026, 1:29 AM (UTC+8)]
渲染也有问题，应该在同行渲染

---

#749 [Sunday, Aug 23, 2026, 1:37 AM (UTC+8)]
在目标字符串的首位位置也应该显示

---

#750 [Sunday, Aug 23, 2026, 1:46 AM (UTC+8)]
我看指针在特殊样式字体的头尾的时候，能控制左右方向插入来决定是否对增量字体进行样式同步，我希望取消这个能力，直接由刚刚开发的能力接管，举例显示**后，指针允许选择**首位位置，而不是立刻消失隐藏**。让用户自己去插入。

---

#751 [Sunday, Aug 23, 2026, 1:53 AM (UTC+8)]
我一选中展示出来的*，指针就到了行首，这是不对的。我希望显示的**是真实的能选中的，比如我选中了加粗的“你好”，然后就显示“**你好**”，我能够控制这里面的所有字符，当指针真正聚焦到了其他字符（非这6个字符）的时候，才隐藏加粗的**

---

#752 [Sunday, Aug 23, 2026, 2:01 AM (UTC+8)]
我看你改坏了，选中后不会显示 ** 了

---

#753 [Sunday, Aug 23, 2026, 2:11 AM (UTC+8)]
本次commit区域全部回退

---

#754 [Sunday, Aug 23, 2026, 2:36 AM (UTC+8)]
先停止桌面版

---

#755 [Sunday, Aug 23, 2026, 2:36 AM (UTC+8)]
MD的图片提供一个图钉功能，能直接将图片置顶钉在桌面上，先仅允许移动和缩放，双击图片可删掉悬浮的图片显示。

---

#756 [Sunday, Aug 23, 2026, 12:02 PM (UTC+8)]
有个bug，我在取消某个文件的高亮聚焦后，多选其他的文件会自动把被取消的文件带上，因为它还在被编辑框打开

---

#757 [Sunday, Aug 23, 2026, 10:29 PM (UTC+8)]
使用ctrl多选的时候确实解决了，但是使用shift的时候还是未解决。

---

#758 [Sunday, Aug 23, 2026, 10:33 PM (UTC+8)]
如果没有二次点击取消，而是直接选择其他的文件夹的时候，因为点击文件夹不会修改编辑区的标签，因此多选的时候会自动带上当前编辑区打开的文件

---

#759 [Sunday, Aug 23, 2026, 11:10 PM (UTC+8)]
出一个0.8.0的包

---

#760 [Monday, Aug 24, 2026, 12:10 AM (UTC+8)]
changelog先中文再英文吧

---

#761 [Monday, Aug 24, 2026, 1:16 PM (UTC+8)]
MD的图片悬浮后，双击图片无法删除

---

#762 [Monday, Aug 24, 2026, 1:32 PM (UTC+8)]
生成的图钉仍然无法删除，现在甚至卡在桌面了

---

#763 [Monday, Aug 24, 2026, 1:39 PM (UTC+8)]
图钉允许右键提供删除选项

---

#764 [Wednesday, Aug 26, 2026, 10:53 PM (UTC+8)]
你能找到Utools的官方Markdown软件的源码吗，我觉得那个很好用，你帮我调研一下

---

#765 [Wednesday, Aug 26, 2026, 10:56 PM (UTC+8)]
你怎么获取到官方MD拿到它的比如表格交互的能力

---

#766 [Wednesday, Aug 26, 2026, 10:58 PM (UTC+8)]
c:\Users\32476\Downloads\Markdown-笔记-v1.8.4.upx 你能解包吗

---

#767 [Wednesday, Aug 26, 2026, 11:01 PM (UTC+8)]
？

---

#768 [Wednesday, Aug 26, 2026, 11:06 PM (UTC+8)]
分析MD的编辑区核心交互设计，我想要融合utools的官方MD工具优秀实践。但同时不丢弃我们当前已有的所有MD编辑设计。
我想融合的设计如下（仅以下两点）：
1. 实时渲染下标题，加粗，高亮，斜体等，鼠标在字体附近的时候显示源码的能力（与utools一致）
2. utools的表格交互能力完整搬过来替换当前这套

其他的以我们当前的MD设计为主，比如图片辅助操作等。

先设计，先别开发，进入Plan模式

---

#769 [Thursday, Aug 27, 2026, 12:42 AM (UTC+8)]
数据防丢失测试与 Skill 验证体系设计

Implement the plan as specified, it is attached for your reference. Do NOT edit the plan file itself.

To-do's from the plan have already been created. Do not create them again. Mark them as in_progress as you work, starting with the first one. Don't stop until you have completed all the to-dos.

---

#770 [Thursday, Aug 27, 2026, 12:46 AM (UTC+8)]
每次push必测用例加上这个数据放丢失测试体系的测试

---

#771 [Thursday, Aug 27, 2026, 12:53 AM (UTC+8)]
你刚刚设计的如何融合utools的MD工具的方案在哪

---

#772 [Thursday, Aug 27, 2026, 12:54 AM (UTC+8)]
继续生成正式的Plan文件

---

#773 [Thursday, Aug 27, 2026, 12:55 AM (UTC+8)]
执行Plan吧。

---

#774 [Thursday, Aug 27, 2026, 10:54 PM (UTC+8)]
顶部Logo加上当前版本号，字体小一点，颜色浅一点，底部对齐

---

#775 [Thursday, Aug 27, 2026, 11:02 PM (UTC+8)]
版本号显示为v0.8.0

---

#776 [Thursday, Aug 27, 2026, 11:02 PM (UTC+8)]
我看表格并没有修改为和utools相同的？

---

#777 [Thursday, Aug 27, 2026, 11:09 PM (UTC+8)]
MD编辑区自适应宽度，固定距离左右边界10px。

---

#778 [Thursday, Aug 27, 2026, 11:13 PM (UTC+8)]
左边界间距设置为20PX

---

#779 [Thursday, Aug 27, 2026, 11:14 PM (UTC+8)]
设置为25px

---

#780 [Thursday, Aug 27, 2026, 11:15 PM (UTC+8)]
设置为30px

---

#781 [Thursday, Aug 27, 2026, 11:16 PM (UTC+8)]
上方的实时和源码switch也固定距离左边界30px

---

#782 [Thursday, Aug 27, 2026, 11:19 PM (UTC+8)]
我想要1:1把utools的表格实现拷贝到我的MD编辑器里，不要当前编辑器里的表格实现。

---

#783 [Thursday, Aug 27, 2026, 11:58 PM (UTC+8)]
一用表格就卡死

---

#784 [Friday, Aug 28, 2026, 12:01 AM (UTC+8)]
要重启应用

---

#785 [Friday, Aug 28, 2026, 12:34 AM (UTC+8)]
1.表格默认填满编辑区宽度，表格顶部工具栏宽度也一样
2.工具栏图标与utools保持一致
3.左对齐，居中，右对齐无效，默认都是左对齐
4.右键表格不显示表格代码公式和任务列表
5.表头点击能出现光标待输入

---

#786 [Friday, Aug 28, 2026, 12:52 AM (UTC+8)]
编辑区翻滚的时候表格的工具栏会超出编辑区

---

#787 [Friday, Aug 28, 2026, 12:57 AM (UTC+8)]
我点击表头的单元格的时候，光标还是没出现

---

#788 [Friday, Aug 28, 2026, 1:05 AM (UTC+8)]
表格顶部工具栏的渲染的生命周期随着表格，不要我切页面了，工具栏还在

---

#789 [Friday, Aug 28, 2026, 1:11 AM (UTC+8)]
删除旧版表格代码，给代码减肥

---

#790 [Saturday, Aug 29, 2026, 9:33 PM (UTC+8)]
链接ctrl+左键后默认打开两份

---

#791 [Sunday, Aug 30, 2026, 11:40 AM (UTC+8)]
chestnutEditor当前算上桌宠，占用多少内存

---

#792 [Sunday, Aug 30, 2026, 11:55 AM (UTC+8)]
设置里删除 将板栗猫娘 zip 包导入到编辑器安装目录的 plugins 文件夹，而不是笔记库目录。 这句话

---

#793 [Sunday, Aug 30, 2026, 12:01 PM (UTC+8)]
MD编辑器的表格的工具栏我想加入 求和 按钮 和 求平均值 按钮：
1. 用户可以选中多行多列（类似Execl），在此情况下点击求和/求平均值，则在多行多列选取的右侧和下方新增一列和一行用来展示结果
2. 如果用户没有选区，则点击求和 和 求平均值 不生效
3. 检查用户选取是否全是数字，空格子（trim掉空格后）默认是0，如果不是选区不是全部都是数字（包括浮点数，即小数）则不生效。如果单独选取表头行不生效，如果选区包含了表头行则表头不参与计算也不输出结果，只算选区其他列

---

#794 [Sunday, Aug 30, 2026, 12:12 PM (UTC+8)]
新增规则：
1. 如果选区只有一行，则只在选区右侧新增列提供计算结果，下方不需要新增行
2. 如果选区只有一列，同理只在下方新增行提供计算结果，右侧不需要新增行
3. 新增的列顶部表头单元格默认填充 Sum 或者 Avg
4. 新增的行最左侧单元格默认填充 Sum 或者 Avg

---

#795 [Sunday, Aug 30, 2026, 1:05 PM (UTC+8)]
C:/projects/测试/chestnut-hd-green.png
如果我在MD里输入这个链接，MD编辑区无法显示，也无法导出MD
1. 我们当前的MD的图片渲染是否不支持外部链接（包括其他目录文件或者网络图片链接）
2. 我们当前的MD的图片渲染是否不支持图片链接带中文
3. 导出为MD是否不支持图片链接为中文？

先回答上面三个问题。然后我说下我的思路：
1. 我们需要支持直接渲染其他本地路径图片与网络图片链接
1.1 对于其他本地路径图片，我们先允许渲染，在手动保存或者自动保存的钩子里，检查当前所在文MD档（不需要检查所有文档）的所有图片链接，将图片从目标其他路径拷贝到由我们管理的同文档的_pic目录里管理，并把图片链接修改为新链接。注意是拷贝，不要影响原图片所在的其他本地路径。
1.2 对于网络图片，我们先允许渲染，如果我们识别到是网络链接的图片，我们应该提供一个设置开关，表示是否允许保留网络图片链接。默认允许，也就是不对图片链接进行本地同步，MD文件迁移的时候也忽略网络图片链接，让用户自己管理。而导出的时候，主动下载网络图片到target目录，并把MD文本中的网络链接修改为相对路径的图片链接。
2. 允许图片链接包含中文。中文不应该影响渲染和导出

---

#796 [Sunday, Aug 30, 2026, 1:23 PM (UTC+8)]
改它

---

#797 [Sunday, Aug 30, 2026, 2:27 PM (UTC+8)]
给我一张网图试试

---

#798 [Sunday, Aug 30, 2026, 2:28 PM (UTC+8)]
导出MD的时候，自动触发保存，等图片都被刷一遍之后再导出

---

#799 [Sunday, Aug 30, 2026, 2:34 PM (UTC+8)]
我们先plan一下，假设我们允许tab栏标签被拖拽出来如果新增一个窗口，是不是会存在两份chrome内核加载到内存里

---

#800 [Sunday, Aug 30, 2026, 2:36 PM (UTC+8)]
bilibili

---

#801 [Sunday, Aug 30, 2026, 2:40 PM (UTC+8)]
帮我再仔细排查一下，文件栏会不会存在新建文件的时候名字会与当前打开的文件重复，而不是固定为“重命名 x”（x为同名的自增id）。有用户反馈他遇到了这个问题，并且是偶现，未发现必现条件。

---

#802 [Sunday, Aug 30, 2026, 2:53 PM (UTC+8)]
在MD编辑器内，无法直接呼出全文搜索，ctrl+shift+F

---

#803 [Sunday, Aug 30, 2026, 2:56 PM (UTC+8)]
還是不行

---

#804 [Sunday, Aug 30, 2026, 3:10 PM (UTC+8)]
MD的图片的图钉置顶图标修改为我们应用置顶相同的图标。并且文案修改为“图钉悬浮”

---

#805 [Sunday, Aug 30, 2026, 3:11 PM (UTC+8)]
图片使用图钉悬浮后，直接占满，不要多余遮罩。然后边框允许直接固定比例拉伸放大和缩小图片

---

#806 [Sunday, Aug 30, 2026, 4:08 PM (UTC+8)]
你能参考我之前v0.8.0的出包方式：
1. logo 版本修改为v0.9.0
2. 出安装包包，本地生成v0.9.0的更新文档（文档规范参考v0.8.0）
3. 确定commit和push最新
4. 使用系统的Edge浏览器访问我的github，如果需要登录则让用户登录以保存登录状态。对ChestnutEditor生成对应的新的tag和pre-release包（允许用户配置是pre-release还是正式的release），把v0.9.0更新文档写进github的tag描述里。新tag规范参考v0.8.0进行总结。最后上传出好的安装包完成本次项目出版本。

基于上述流程做一个skill方便我以后用，同时帮我执行一遍生成v0.9.0

---

#807 [Sunday, Aug 30, 2026, 4:36 PM (UTC+8)]
再试试

---

#808 [Sunday, Aug 30, 2026, 4:49 PM (UTC+8)]
我看新包有47M，为什么这么大，是带上了桌宠打包吗

---

#809 [Sunday, Aug 30, 2026, 4:52 PM (UTC+8)]
这个桌宠不打包进去，让应用打包回到之前的二十多M

---

#810 [Sunday, Aug 30, 2026, 5:16 PM (UTC+8)]
帮我替换

---

#811 [Sunday, Aug 30, 2026, 5:30 PM (UTC+8)]
更新chestnuteditor的发包skill，把刚刚的经验总结一下看看有没有漏的。然后把skill也拷贝到NinneeeSkills里一份，然后确定这两个仓的commit&push

---

#812 [Sunday, Aug 30, 2026, 6:37 PM (UTC+8)]
你帮我尝试从github上下载保存下来

---

#813 [Sunday, Aug 30, 2026, 6:39 PM (UTC+8)]
我没看见

---

#814 [Sunday, Aug 30, 2026, 6:41 PM (UTC+8)]
帮我尝试打开安装包

---

#815 [Sunday, Aug 30, 2026, 6:42 PM (UTC+8)]
我就要启动刚刚下载下来的

---

#816 [Sunday, Aug 30, 2026, 6:45 PM (UTC+8)]
修复一个小bug，就是表格求和求平均值的时候，如果选区的最左侧也包含在选区呢，如果涉及到整列计算结果放在新行，会导致第一列的结果被“Avg”或者”Sum“ 覆盖，我们对这种特殊场景特殊处理，即最左侧也加一列用来放Avg或者Sum。

---

#817 [Sunday, Aug 30, 2026, 6:50 PM (UTC+8)]
然后帮我commit&push，重新出包覆盖github上的包

---

#818 [Sunday, Aug 30, 2026, 6:56 PM (UTC+8)]
帮我参考仓库里已有的提示词汇总文件，把从上次到现在的提示词也都汇总整理进去。并且把该行为加入到出包Skills里，NineeeSkills和当前项目的.cursor都要同步下

---

#819 [Sunday, Aug 30, 2026, 8:09 PM (UTC+8)]
commit & push

---

#820 [Sunday, Aug 30, 2026, 8:11 PM (UTC+8)]
帮我用 NineeeSkills 里的 taste-skills 扫一遍当前ChestnutEditor，进行一次审美重构，但不要影响功能。

---

#821 [Sunday, Aug 30, 2026, 8:32 PM (UTC+8)]
启动一下桌面端

---

#822 [Sunday, Aug 30, 2026, 8:36 PM (UTC+8)]
链接还是还原为蓝色，其他就用你的栗棕吧

---

#823 [Sunday, Aug 30, 2026, 8:37 PM (UTC+8)]
选中的标签页字体加粗，离开后还原

---

#824 [Sunday, Aug 30, 2026, 8:40 PM (UTC+8)]
MD表格右键提供 删除当前行  删除当前列  向左/右新增一列 向左/右新增一行 的6个选项，默认以光标聚焦的所在行列为当前定位

---

#825 [Sunday, Aug 30, 2026, 8:46 PM (UTC+8)]
commit。然后做这个：MD表格列求和或者求平均值的时候，每当输出 Sum 或者 Avg 的时候自动加粗。

---

#826 [Sunday, Aug 30, 2026, 9:37 PM (UTC+8)]
标题所在box，点击后会有边框展示，我不要这个

---

#827 [Sunday, Aug 30, 2026, 9:42 PM (UTC+8)]
MD实际编辑区是纯白色，和周边的灰色不搭，统一为周边的灰色

---

#828 [Sunday, Aug 30, 2026, 9:50 PM (UTC+8)]
重新出包，更一下版本文档，github的pre-release包也更新为最新。同样不带桌宠打包，同样是v0.9.0

---

#829 [Sunday, Aug 30, 2026, 11:30 PM (UTC+8)]
帮我下载和安装

---

#830 [Monday, Aug 31, 2026, 1:02 AM (UTC+8)]
changelog用一个文件夹装起来

---

#831 [Monday, Aug 31, 2026, 1:05 AM (UTC+8)]
字体默认只保留微软雅黑，其他两种字体允许用户点击下载和卸载后使用。

---

#832 [Monday, Aug 31, 2026, 1:22 AM (UTC+8)]
编辑区的灰度与文件栏的灰度互换

---

#833 [Monday, Aug 31, 2026, 1:31 AM (UTC+8)]
字体下载允许同时下载

---

#834 [Monday, Aug 31, 2026, 1:33 AM (UTC+8)]
下载完不自动切字体

---

#835 [Monday, Aug 31, 2026, 1:35 AM (UTC+8)]
感觉字体要下载好久，是什么原因

---

#836 [Monday, Aug 31, 2026, 1:36 AM (UTC+8)]
https://gitcode.com/dashboard 这是我的gitcode，已经登录了，你可以帮通过我系统浏览器在gitcode里把两个字体包从github同步过来。

---

#837 [Monday, Aug 31, 2026, 1:38 AM (UTC+8)]
你都能打开控制台了，不能直接帮我做完这些事吗

---

#838 [Monday, Aug 31, 2026, 1:41 AM (UTC+8)]
这两个字体有国内镜像源吗

---

#839 [Monday, Aug 31, 2026, 1:42 AM (UTC+8)]
字体下载失败了，你看看是什么原因

---

#840 [Monday, Aug 31, 2026, 1:50 AM (UTC+8)]
下载显示  xxxM / 21M 状态，并持续更新，显示在字体名称所在的box的最右侧

---

#841 [Monday, Aug 31, 2026, 2:00 AM (UTC+8)]
重新出包v0.9.0看看多大，不要打包两个增量字体，也不要打包桌宠。然后github上更新tag里的v0.9.0的描述，同时重新上传新包

---

#842 [Monday, Aug 31, 2026, 2:17 AM (UTC+8)]
已经完成了最新的commit和push了是吧

---

#843 [Monday, Aug 31, 2026, 12:58 PM (UTC+8)]
插件不用选择导入的了吧，设置为和字体一样允许额外下载的方式：https://github.com/nine-waited/ChestnutCat/releases/download/v1.0.0/chestnut-cat-1.0.0.zip

---

#844 [Monday, Aug 31, 2026, 9:57 PM (UTC+8)]
刷一下v0.9.0的版本

---

#845 [Tuesday, Sep 1, 2026, 9:59 PM (UTC+8)]
拖动文件的时候不要自动展开目录，让用户直接对准文件夹放就好了

---

#846 [Tuesday, Sep 1, 2026, 10:02 PM (UTC+8)]
commit, 然后：文件栏允许ctrl+x文件/文件夹（包括多选的情况）剪切到其他地方，参考已有的ctrl+c

---

#847 [Tuesday, Sep 1, 2026, 10:18 PM (UTC+8)]
commit，然后文件栏允许多选拖拽

---

#848 [Tuesday, Sep 1, 2026, 10:30 PM (UTC+8)]
commit，然后定位解决这个问题：复制一份带有表格的MD文档内容到渲染区的时候，全部内容都被放在了我们的表格里，而复制到源码里则正常

---

#849 [Tuesday, Sep 1, 2026, 10:55 PM (UTC+8)]
刚刚改了这个：文件栏允许ctrl+x文件/文件夹（包括多选的情况）剪切到其他地方，参考已有的ctrl+c

现在ctrl c 和 ctrl x 都不生效了

---

#850 [Tuesday, Sep 1, 2026, 11:03 PM (UTC+8)]
对文件栏的文件项进行ctrl+x和ctrl+c的时候没办法把整个文件放置到剪切板

---

#851 [Tuesday, Sep 1, 2026, 11:13 PM (UTC+8)]
回退本次修改，同时回退 上次 文件栏允许ctrl+x文件/文件夹（包括多选的情况）剪切到其他地方，参考已有的ctrl+c 这个commit。这个影响了应用的快捷键读取

---

#852 [Wednesday, Sep 2, 2026, 12:03 AM (UTC+8)]
远程最新是8a08511吗

---

#853 [Wednesday, Sep 2, 2026, 12:19 AM (UTC+8)]
你帮我把这之后的非revert的commit都revert掉，我发现晚上开发的特性都有问题，影响了快捷键输入

---

#854 [Wednesday, Sep 2, 2026, 12:39 AM (UTC+8)]
把刚刚的revert都reset --hard掉吧，回到我们 1009664 的位置

---

#855 [Wednesday, Sep 2, 2026, 12:40 AM (UTC+8)]
我在编辑区使用ctrl + F 不生效了

---

#856 [Wednesday, Sep 2, 2026, 1:00 AM (UTC+8)]
回退这次修改

---

#857 [Wednesday, Sep 2, 2026, 1:01 AM (UTC+8)]
我们之前在编辑区使用ctrl + F 能直接呼出浏览器的查找，也能查找当前MD文档的文本内容。但是现在ctrl+F呼不出来了，而且ctrl+R也没法触发dom的reflush了

---

#858 [Wednesday, Sep 2, 2026, 1:10 AM (UTC+8)]
选择文件项的时候，不要默认聚焦文档的第一行，这会导致我们对文件项的ctrl+x和ctrl+c不成功

---

#859 [Wednesday, Sep 2, 2026, 1:18 AM (UTC+8)]
commit。然后新问题：MD内选中文本会有字体工具栏，如果我们点击下方空白处，则焦点和选区消失后，工具栏会还存在。这是个问题

---

#860 [Wednesday, Sep 2, 2026, 1:26 AM (UTC+8)]
新增一个ctrl+Tab的快捷键，用来切换当前文档的源码和渲染

---

#861 [Wednesday, Sep 2, 2026, 12:50 PM (UTC+8)]
我有一个用户遇到了一个问题，就是打开应用就会一直显示“正在进入知识库”的页面，然后什么都操作不了，重启应用和重新安装应用都无法解决。唯一的不同就是他切换了存储文件夹路径。你先帮我白盒定位一下什么情况可能发生这个问题，会不会也有可能是有某些本应用的僵尸进程导致阻塞。还没让他尝试重启电脑。

同时，帮我在工具栏做一个debug的工具，与下方dom加载进行隔离，能获取有价值的从应用打开到dom显示的日志。

---

#862 [Wednesday, Sep 2, 2026, 1:38 PM (UTC+8)]
重启一下桌面版

---

#863 [Wednesday, Sep 2, 2026, 1:40 PM (UTC+8)]
桌面版启动后白屏

---

#864 [Wednesday, Sep 2, 2026, 1:43 PM (UTC+8)]
commit&push，刷github的v0.9.0的包

---

#865 [Wednesday, Sep 2, 2026, 1:56 PM (UTC+8)]
点击Debug按钮怎么没有效果

---

#866 [Wednesday, Sep 2, 2026, 2:00 PM (UTC+8)]
Execute the selected diff-tab create-branch-and-commit action.

---

#1 [Wednesday, Sep 2, 2026, 7:05 PM (UTC+8)]
顶部工具栏最右侧的debug按钮删掉，然后直接把工具栏的debug图标放在最右侧（就是原来debug按钮的位置）。

---

#2 [Wednesday, Sep 2, 2026, 7:07 PM (UTC+8)]
仅查看按钮加一个刷新当前文档的刷新图标，效果和右键标签的刷新一样

---

#3 [Wednesday, Sep 2, 2026, 7:09 PM (UTC+8)]
commit

---

#4 [Wednesday, Sep 2, 2026, 7:12 PM (UTC+8)]
=== current boot ===
bootId=1788330501223
startedAt=2026-09-02T06:28:21.223Z

[+ 0ms] info index.html: parsed
[+ 1ms] info debug: installed savedVaultPath=C:/Users/z30027301/git
[+ 1ms] info main: debug host mounting
[+ 2ms] info main: debug host mounted
[+ 2ms] info main: loading app module
[+ 158ms] info main: app module loaded, rendering
[+ 158ms] info main: createRoot render scheduled
[+ 160ms] info dom: App first render
[+ 162ms] info dom: vault loading screen painted
[+ 163ms] warn console.warn [Chestnut] Command "chestnut:new-note" already registered; overwriting.
[+ 163ms] warn console.warn [Chestnut] Command "chestnut:new-drawing" already registered; overwriting.
[+ 163ms] warn console.warn [Chestnut] Command "chestnut:open-graph" already registered; overwriting.
[+ 163ms] warn console.warn [Chestnut] Command "chestnut:open-settings" already registered; overwriting.
[+ 163ms] warn console.warn [Chestnut] Command "chestnut:open-publish" already registered; overwriting.
[+ 163ms] warn console.warn [Chestnut] Command "chestnut:toggle-source" already registered; overwriting.
[+ 163ms] info app: auto-mount start C:/Users/z30027301/git
[+ 163ms] info app: adapter ready C:/Users/z30027301/git
[+ 164ms] info mountVault: start kind=tauri path=C:/Users/z30027301/git
[+ 164ms] info mountVault: vaultService.mount (list + index markdown)
[+ 2164ms] info mountVault: still waiting 2s
[+ 2164ms] info mountVault.reindex: still waiting 2s
[+ 4164ms] info mountVault: still waiting 4s
[+ 4164ms] info mountVault.reindex: still waiting 4s
[+ 6164ms] info mountVault: still waiting 6s
[+ 6164ms] info mountVault.reindex: still waiting 6s
[+ 8164ms] info mountVault: still waiting 8s
[+ 8164ms] info mountVault.reindex: still waiting 8s
[+ 10164ms] info mountVault: still waiting 10s
[+ 10164ms] info mountVault.reindex: still waiting 10s
[+ 12164ms] info mountVault: still waiting 12s
[+ 12164ms] info mountVault.reindex: still waiting 12s

这是我抓的白屏的用户的启动日志

---

#5 [Wednesday, Sep 2, 2026, 7:16 PM (UTC+8)]
确实是有很多文档。

---

#6 [Wednesday, Sep 2, 2026, 7:21 PM (UTC+8)]
搜索全文的索引设置为仅加载MD，不加载其他任何文件，这样是不是可以解决问题。先不开发先讨论

---

#7 [Wednesday, Sep 2, 2026, 7:24 PM (UTC+8)]
列目录时只收集 .md、不把其他文件放进全量文件数组这个得做，然后建立索引按你思路来，启动界面后后台进行。

---

#8 [Wednesday, Sep 2, 2026, 7:30 PM (UTC+8)]
我每次更新文档都会触发索引更新吗

---

#9 [Wednesday, Sep 2, 2026, 7:42 PM (UTC+8)]
debug左侧新增一个检查更新的图标和功能，目标是检测github，如果没有正式release，我们检查当前版本是否和pre-release的最新发布一致。如果有正式release，以正式release的版本为判断目标。

---

#10 [Wednesday, Sep 2, 2026, 10:18 PM (UTC+8)]
点击检查更新后的反馈太弱了，点击后应用中央提供一个弹窗告知我们正在做的事和进度

---

#11 [Wednesday, Sep 2, 2026, 10:52 PM (UTC+8)]
图钉悬浮支持滚轮放大缩小

---

#12 [Wednesday, Sep 2, 2026, 10:56 PM (UTC+8)]
图钉悬浮的时候，移动图片后滚轮放大，图片会回到移动前的位置进行放大

---

#13 [Wednesday, Sep 2, 2026, 11:38 PM (UTC+8)]
放大缩小一卡一卡的，不够顺滑

---

#14 [Wednesday, Sep 2, 2026, 11:59 PM (UTC+8)]
在所在位置固定左上角放大

---

#15 [Thursday, Sep 3, 2026, 12:21 AM (UTC+8)]
当前工作目录选择一个新目录后，会在这个新目录的同级目录新建一个.chestnut，不应该这样做

---

#16 [Thursday, Sep 3, 2026, 1:09 AM (UTC+8)]
启动桌面版

---

#17 [Thursday, Sep 3, 2026, 1:12 AM (UTC+8)]
实时渲染窗口往下翻滚的时候，切换到源码，发现源码没有跟着动，而是从第一行开始。我希望实时渲染和源码的文档滚轮位置相对同步

---

#18 [Thursday, Sep 3, 2026, 1:25 AM (UTC+8)]
如果我在其他编辑器中打开，编辑后保存，chestnut刚好也正在打开对应的文档没有及时更新，此时在chestnut使用刷新则会以没更新的版本覆盖磁盘，导致其他编辑器的编辑失效

---

#19 [Thursday, Sep 3, 2026, 1:36 AM (UTC+8)]
我chestnut修改后保存，vscode可以立刻刷新到最新的内容。而反过来vscode修改后保存，chestnut没法自动更新，点刷新的时候才能读到磁盘的新内容。而如果触发自动保存的话又覆盖了。

---

#20 [Thursday, Sep 3, 2026, 1:47 AM (UTC+8)]
刚刚按错了，你继续开发